Component: ARM Compiler 5.06 update 6 (build 750) Tool: armlink [4d35ed]

==============================================================================

Section Cross References

    startup_lpc17xx.o(RESET) refers to startup_lpc17xx.o(STACK) for __initial_sp
    startup_lpc17xx.o(RESET) refers to startup_lpc17xx.o(.text) for Reset_Handler
    startup_lpc17xx.o(RESET) refers to main.o(.text) for TIMER0_IRQHandler
    startup_lpc17xx.o(RESET) refers to uartfifo.o(.text) for UART0_IRQHandler
    startup_lpc17xx.o(RESET) refers to emac_lpc17xx_lan8720.o(.text) for ENET_IRQHandler
    startup_lpc17xx.o(.text) refers to system_lpc17xx.o(.text) for SystemInit
    startup_lpc17xx.o(.text) refers to entry.o(.ARM.Collect$$$$00000000) for __main
    system_lpc17xx.o(.text) refers to uldiv.o(.text) for __aeabi_uldivmod
    system_lpc17xx.o(.text) refers to system_lpc17xx.o(.data) for SystemCoreClock
    main.o(.text) refers to glcd.o(.text) for LCD_Initializtion
    main.o(.text) refers to pantalla_lcd.o(.text) for screenWelcome
    main.o(.text) refers to serial.o(.text) for SER_Init
    main.o(.text) refers to at_system.o(i.init_TcpNet) for init_TcpNet
    main.o(.text) refers to touchpanel.o(.text) for TP_Init
    main.o(.text) refers to at_system.o(i.timer_tick) for timer_tick
    main.o(.text) refers to system_lpc17xx.o(.data) for SystemCoreClock
    main.o(.text) refers to nunchuk.o(.bss) for nunchuk_d
    main.o(.text) refers to main.o(.data) for T_c
    main.o(.text) refers to cfrcmple.o(.text) for __aeabi_cfrcmple
    main.o(.text) refers to dflti.o(.text) for __aeabi_i2d
    main.o(.text) refers to dmul.o(.text) for __aeabi_dmul
    main.o(.text) refers to ddiv.o(.text) for __aeabi_ddiv
    main.o(.text) refers to dfltui.o(.text) for __aeabi_ui2d
    main.o(.text) refers to dadd.o(.text) for __aeabi_dadd
    main.o(.text) refers to f2d.o(.text) for __aeabi_f2d
    main.o(.text) refers to cdrcmple.o(.text) for __aeabi_cdrcmple
    main.o(.text) refers to main.o(.bss) for muestras_pitido
    main.o(.text) refers to cdcmple.o(.text) for __aeabi_cdcmple
    main.o(.text) refers to printfa.o(i.__0sprintf) for __2sprintf
    main.o(.text) refers to dfixui.o(.text) for __aeabi_d2uiz
    main.o(.text) refers to uartfifo.o(.bss) for txbuf
    main.o(.text) refers to uartfifo.o(.data) for txbuf_vacio
    main.o(.text) refers to strlen.o(.text) for strlen
    main.o(.text) refers to atof.o(i.atof) for atof
    main.o(.text) refers to atoi.o(.text) for atoi
    main.o(.text) refers to dfixi.o(.text) for __aeabi_d2iz
    main.o(.text) refers to ffixui.o(.text) for __aeabi_f2uiz
    main.o(.text) refers to fmul.o(.text) for __aeabi_fmul
    main.o(.text) refers to fadd.o(.text) for __aeabi_frsub
    main.o(.text) refers to sin.o(i.sin) for sin
    main.o(.text) refers to uartfifo.o(.text) for uart0_init
    main.o(.text) refers to nunchuk.o(.text) for nunchuk_Init
    main.o(.text) refers to i2c_lpc17xx.o(.text) for I2Cdelay
    main.o(.text) refers to at_system.o(i.main_TcpNet) for main_TcpNet
    main.o(.text) refers to ffltui.o(.text) for __aeabi_ui2f
    main.o(.text) refers to fdiv.o(.text) for __aeabi_fdiv
    main.o(.text) refers to pantalla_lcd.o(.data) for zone_7
    main.o(.text) refers to d2f.o(.text) for __aeabi_d2f
    main.o(.text) refers to strncpy.o(.text) for strncpy
    main.o(.text) refers to memseta.o(.text) for __aeabi_memclr4
    main.o(.text) refers to cfcmple.o(.text) for __aeabi_cfcmple
    http_cgi.o(.text) refers to at_mem.o(i.alloc_mem) for alloc_mem
    http_cgi.o(.text) refers to at_http.o(i.http_get_var) for http_get_var
    http_cgi.o(.text) refers to at_lib.o(i.str_scomp) for str_scomp
    http_cgi.o(.text) refers to memseta.o(.text) for __aeabi_memclr
    http_cgi.o(.text) refers to strncpy.o(.text) for strncpy
    http_cgi.o(.text) refers to atof.o(i.atof) for atof
    http_cgi.o(.text) refers to d2f.o(.text) for __aeabi_d2f
    http_cgi.o(.text) refers to at_mem.o(i.free_mem) for free_mem
    http_cgi.o(.text) refers to f2d.o(.text) for __aeabi_f2d
    http_cgi.o(.text) refers to printfa.o(i.__0sprintf) for __2sprintf
    http_cgi.o(.text) refers to main.o(.data) for modo
    pantalla_lcd.o(.text) refers to glcd.o(.text) for LCD_DrawLine
    pantalla_lcd.o(.text) refers to strlen.o(.text) for strlen
    pantalla_lcd.o(.text) refers to touchpanel.o(.text) for Read_Ads7846
    pantalla_lcd.o(.text) refers to printfa.o(i.__0sprintf) for __2sprintf
    pantalla_lcd.o(.text) refers to main.o(.data) for titulo
    pantalla_lcd.o(.text) refers to pantalla_lcd.o(.data) for zone_1
    pantalla_lcd.o(.text) refers to touchpanel.o(.data) for matrix
    pantalla_lcd.o(.text) refers to at_system.o(.bss) for localm
    uartfifo.o(.text) refers to printfa.o(i.__0sprintf) for __2sprintf
    uartfifo.o(.text) refers to strncmp.o(.text) for strncmp
    uartfifo.o(.text) refers to memseta.o(.text) for __aeabi_memclr
    uartfifo.o(.text) refers to strlen.o(.text) for strlen
[...]
    http_passw                               0x100001ee   Data          20  net_config.o(.data)
    .data                                    0x10000204   Section       20  emac_lpc17xx_lan8720.o(.data)
    regv                                     0x10000208   Data           4  emac_lpc17xx_lan8720.o(.data)
    tout                                     0x1000020c   Data           4  emac_lpc17xx_lan8720.o(.data)
    id1                                      0x10000210   Data           4  emac_lpc17xx_lan8720.o(.data)
    id2                                      0x10000214   Data           4  emac_lpc17xx_lan8720.o(.data)
    .data                                    0x10000218   Section        8  at_arp.o(.data)
    entry                                    0x10000218   Data           1  at_arp.o(.data)
    probe_ip                                 0x1000021c   Data           4  at_arp.o(.data)
    .data                                    0x10000220   Section       12  at_ip.o(.data)
    ip_id                                    0x10000220   Data           2  at_ip.o(.data)
    ip_control                               0x10000224   Data           8  at_ip.o(.data)
    .data                                    0x1000022c   Section        4  at_tcp.o(.data)
    socket                                   0x1000022c   Data           1  at_tcp.o(.data)
    no_ack                                   0x1000022d   Data           1  at_tcp.o(.data)
    port                                     0x1000022e   Data           2  at_tcp.o(.data)
    .data                                    0x10000230   Section       12  at_http.o(.data)
    session                                  0x10000230   Data           1  at_http.o(.data)
    cgi                                      0x10000234   Data           8  at_http.o(.data)
    .data                                    0x1000023c   Section        4  errno.o(.data)
    _errno                                   0x1000023c   Data           4  errno.o(.data)
    .bss                                     0x10000240   Section    18148  main.o(.bss)
    .bss                                     0x10004924   Section      356  uartfifo.o(.bss)
    .bss                                     0x10004a88   Section       12  nunchuk.o(.bss)
    .bss                                     0x10004a94   Section       12  touchpanel.o(.bss)
    .bss                                     0x10004aa0   Section       16  at_icmp.o(.bss)
    icmp_control                             0x10004aa0   Data          16  at_icmp.o(.bss)
    .bss                                     0x10004ab0   Section      132  at_ethernet.o(.bss)
    eth_control                              0x10004ab0   Data         132  at_ethernet.o(.bss)
    .bss                                     0x10004b34   Section       16  at_mem.o(.bss)
    mem_control                              0x10004b34   Data          16  at_mem.o(.bss)
    .bss                                     0x10004b44   Section       76  at_system.o(.bss)
    STACK                                    0x10004b90   Section      512  startup_lpc17xx.o(STACK)
    .bss                                     0x2007c000   Section    13240  net_config.o(.bss)
    mem_pool                                 0x2007c000   Data       12000  net_config.o(.bss)
    arp_table                                0x2007eee0   Data         140  net_config.o(.bss)
    udp_scb                                  0x2007ef6c   Data          24  net_config.o(.bss)
    tcp_scb                                  0x2007ef84   Data         816  net_config.o(.bss)
    http_scb                                 0x2007f2b4   Data         260  net_config.o(.bss)
    .bss                                     0x2007f3b8   Section    10852  emac_lpc17xx_lan8720.o(.bss)
    Rx_Desc                                  0x2007f3b8   Data          32  emac_lpc17xx_lan8720.o(.bss)
    Rx_Stat                                  0x2007f3d8   Data          32  emac_lpc17xx_lan8720.o(.bss)
    Tx_Desc                                  0x2007f3f8   Data          24  emac_lpc17xx_lan8720.o(.bss)
    Tx_Stat                                  0x2007f410   Data          12  emac_lpc17xx_lan8720.o(.bss)
    rx_buf                                   0x2007f41c   Data        6144  emac_lpc17xx_lan8720.o(.bss)
    tx_buf                                   0x20080c1c   Data        4608  emac_lpc17xx_lan8720.o(.bss)

    Global Symbols

    Symbol Name                              Value     Ov Type        Size  Object(Section)

    BuildAttributes$$THM_ISAv4$P$D$K$B$S$PE$A:L22UL41UL21$X:L11$S22US41US21$IEEE1$IW$~IW$USESV6$~STKCKD$USESV7$~SHL$OTIME$ROPI$IEEEX$EBA8$MICROLIB$REQ8$PRES8$EABIv2 0x00000000   Number         0  anon$$obj.o ABSOLUTE
    __ARM_use_no_argv                        0x00000000   Number         0  main.o ABSOLUTE
    __Vectors                                0x00000000   Data           4  startup_lpc17xx.o(RESET)
    _printf_a                                0x00000000   Number         0  stubs.o ABSOLUTE
    _printf_c                                0x00000000   Number         0  stubs.o ABSOLUTE
    _printf_charcount                        0x00000000   Number         0  stubs.o ABSOLUTE
    _printf_d                                0x00000000   Number         0  stubs.o ABSOLUTE
    _printf_e                                0x00000000   Number         0  stubs.o ABSOLUTE
    _printf_f                                0x00000000   Number         0  stubs.o ABSOLUTE
    _printf_flags                            0x00000000   Number         0  stubs.o ABSOLUTE
    _printf_fp_dec                           0x00000000   Number         0  stubs.o ABSOLUTE
    _printf_fp_hex                           0x00000000   Number         0  stubs.o ABSOLUTE
    _printf_g                                0x00000000   Number         0  stubs.o ABSOLUTE
    _printf_i                                0x00000000   Number         0  stubs.o ABSOLUTE
    _printf_int_dec                          0x00000000   Number         0  stubs.o ABSOLUTE
    _printf_l                                0x00000000   Number         0  stubs.o ABSOLUTE
    _printf_lc                               0x00000000   Number         0  stubs.o ABSOLUTE
    _printf_ll                               0x00000000   Number         0  stubs.o ABSOLUTE
    _printf_lld                              0x00000000   Number         0  stubs.o ABSOLUTE
    _printf_lli                              0x00000000   Number         0  stubs.o ABSOLUTE
    _printf_llo                              0x00000000   Number         0  stubs.o ABSOLUTE
    _printf_llu                              0x00000000   Number         0  stubs.o ABSOLUTE
    _printf_llx                              0x00000000   Number         0  stubs.o ABSOLUTE
    _printf_longlong_dec                     0x00000000   Number         0  stubs.o ABSOLUTE
    _printf_longlong_hex                     0x00000000   Number         0  stubs.o ABSOLUTE
    _printf_longlong_oct                     0x00000000   Number         0  stubs.o ABSOLUTE
    _printf_ls                               0x00000000   Number         0  stubs.o ABSOLUTE
    _printf_mbtowc                           0x00000000   Number         0  stubs.o ABSOLUTE
    _printf_n                                0x00000000   Number         0  stubs.o ABSOLUTE
    _printf_o                                0x00000000   Number         0  stubs.o ABSOLUTE
    _printf_p                                0x00000000   Number         0  stubs.o ABSOLUTE
    _printf_percent                          0x00000000   Number         0  stubs.o ABSOLUTE
    _printf_pre_padding                      0x00000000   Number         0  stubs.o ABSOLUTE
    _printf_return_value                     0x00000000   Number         0  stubs.o ABSOLUTE
    _printf_s                                0x00000000   Number         0  stubs.o ABSOLUTE
    _printf_sizespec                         0x00000000   Number         0  stubs.o ABSOLUTE
    _printf_str                              0x00000000   Number         0  stubs.o ABSOLUTE
    _printf_truncate_signed                  0x00000000   Number         0  stubs.o ABSOLUTE
    _printf_truncate_unsigned                0x00000000   Number         0  stubs.o ABSOLUTE
    _printf_u                                0x00000000   Number         0  stubs.o ABSOLUTE
    _printf_wc                               0x00000000   Number         0  stubs.o ABSOLUTE
    _printf_wctomb                           0x00000000   Number         0  stubs.o ABSOLUTE
    _printf_widthprec                        0x00000000   Number         0  stubs.o ABSOLUTE
    _printf_x                                0x00000000   Number         0  stubs.o ABSOLUTE
    __cpp_initialize__aeabi_                  - Undefined Weak Reference
    __cxa_finalize                            - Undefined Weak Reference
    _clock_init                               - Undefined Weak Reference
    _microlib_exit                            - Undefined Weak Reference
    poll_ethernet                             - Undefined Weak Reference
    __main                                   0x000000cd   Thumb Code     0  entry.o(.ARM.Collect$$$$00000000)
    _main_stk                                0x000000cd   Thumb Code     0  entry2.o(.ARM.Collect$$$$00000001)
    _main_scatterload                        0x000000d1   Thumb Code     0  entry5.o(.ARM.Collect$$$$00000004)
    __main_after_scatterload                 0x000000d5   Thumb Code     0  entry5.o(.ARM.Collect$$$$00000004)
    _main_clock                              0x000000d5   Thumb Code     0  entry7b.o(.ARM.Collect$$$$00000008)
    _main_cpp_init                           0x000000d5   Thumb Code     0  entry8b.o(.ARM.Collect$$$$0000000A)
    _main_init                               0x000000d5   Thumb Code     0  entry9a.o(.ARM.Collect$$$$0000000B)
    __rt_final_cpp                           0x000000dd   Thumb Code     0  entry10a.o(.ARM.Collect$$$$0000000D)
    __rt_final_exit                          0x000000dd   Thumb Code     0  entry11a.o(.ARM.Collect$$$$0000000F)
    Reset_Handler                            0x000000e1   Thumb Code     8  startup_lpc17xx.o(.text)
    NMI_Handler                              0x000000e9   Thumb Code     2  startup_lpc17xx.o(.text)
    HardFault_Handler                        0x000000eb   Thumb Code     2  startup_lpc17xx.o(.text)
    MemManage_Handler                        0x000000ed   Thumb Code     2  startup_lpc17xx.o(.text)
    BusFault_Handler                         0x000000ef   Thumb Code     2  startup_lpc17xx.o(.text)
    UsageFault_Handler                       0x000000f1   Thumb Code     2  startup_lpc17xx.o(.text)
    SVC_Handler                              0x000000f3   Thumb Code     2  startup_lpc17xx.o(.text)
    DebugMon_Handler                         0x000000f5   Thumb Code     2  startup_lpc17xx.o(.text)
    PendSV_Handler                           0x000000f7   Thumb Code     2  startup_lpc17xx.o(.text)
    SysTick_Handler                          0x000000f9   Thumb Code     2  startup_lpc17xx.o(.text)
    BOD_IRQHandler                           0x000000fb   Thumb Code     0  startup_lpc17xx.o(.text)
    CANActivity_IRQHandler                   0x000000fb   Thumb Code     0  startup_lpc17xx.o(.text)
    CAN_IRQHandler                           0x000000fb   Thumb Code     0  startup_lpc17xx.o(.text)
    DMA_IRQHandler                           0x000000fb   Thumb Code     0  startup_lpc17xx.o(.text)
    EINT0_IRQHandler                         0x000000fb   Thumb Code     0  startup_lpc17xx.o(.text)
    EINT1_IRQHandler                         0x000000fb   Thumb Code     0  startup_lpc17xx.o(.text)
    EINT2_IRQHandler                         0x000000fb   Thumb Code     0  startup_lpc17xx.o(.text)
    EINT3_IRQHandler                         0x000000fb   Thumb Code     0  startup_lpc17xx.o(.text)
    I2C0_IRQHandler                          0x000000fb   Thumb Code     0  startup_lpc17xx.o(.text)
    I2C1_IRQHandler                          0x000000fb   Thumb Code     0  startup_lpc17xx.o(.text)
    I2C2_IRQHandler                          0x000000fb   Thumb Code     0  startup_lpc17xx.o(.text)
    I2S_IRQHandler                           0x000000fb   Thumb Code     0  startup_lpc17xx.o(.text)
    MCPWM_IRQHandler                         0x000000fb   Thumb Code     0  startup_lpc17xx.o(.text)
    PLL0_IRQHandler                          0x000000fb   Thumb Code     0  startup_lpc17xx.o(.text)
    PLL1_IRQHandler                          0x000000fb   Thumb Code     0  startup_lpc17xx.o(.text)
    PWM1_IRQHandler                          0x000000fb   Thumb Code     0  startup_lpc17xx.o(.text)
    QEI_IRQHandler                           0x000000fb   Thumb Code     0  startup_lpc17xx.o(.text)
    RIT_IRQHandler                           0x000000fb   Thumb Code     0  startup_lpc17xx.o(.text)
    RTC_IRQHandler                           0x000000fb   Thumb Code     0  startup_lpc17xx.o(.text)
    SPI_IRQHandler                           0x000000fb   Thumb Code     0  startup_lpc17xx.o(.text)
    SSP0_IRQHandler                          0x000000fb   Thumb Code     0  startup_lpc17xx.o(.text)
    SSP1_IRQHandler                          0x000000fb   Thumb Code     0  startup_lpc17xx.o(.text)
    UART1_IRQHandler                         0x000000fb   Thumb Code     0  startup_lpc17xx.o(.text)
    UART2_IRQHandler                         0x000000fb   Thumb Code     0  startup_lpc17xx.o(.text)
    UART3_IRQHandler                         0x000000fb   Thumb Code     0  startup_lpc17xx.o(.text)
    USBActivity_IRQHandler                   0x000000fb   Thumb Code     0  startup_lpc17xx.o(.text)
    USB_IRQHandler                           0x000000fb   Thumb Code     0  startup_lpc17xx.o(.text)
    WDT_IRQHandler                           0x000000fb   Thumb Code     0  startup_lpc17xx.o(.text)
    I2Cdelay                                 0x00000105   Thumb Code    14  i2c_lpc17xx.o(.text)
    I2Cdelay1                                0x00000113   Thumb Code    14  i2c_lpc17xx.o(.text)
    pulso_SCL                                0x00000121   Thumb Code    28  i2c_lpc17xx.o(.text)
    I2CSendByte                              0x0000013d   Thumb Code    82  i2c_lpc17xx.o(.text)
    I2CSendAddr                              0x0000018f   Thumb Code    68  i2c_lpc17xx.o(.text)
    I2CGetByte                               0x000001d3   Thumb Code   106  i2c_lpc17xx.o(.text)
    I2CSendStop                              0x0000023d   Thumb Code    34  i2c_lpc17xx.o(.text)
    GetASCIICode                             0x00000265   Thumb Code    26  asciilib.o(.text)
    check_failed                             0x00000285   Thumb Code     4  lpc17xx_libcfg_default.o(.text)
    sys_error                                0x00000289   Thumb Code    36  net_config.o(.text)
    init_system                              0x000002ad   Thumb Code    34  net_config.o(.text)
    run_system                               0x000002cf   Thumb Code    26  net_config.o(.text)
    igmp_is_member                           0x000002e9   Thumb Code     4  net_config.o(.text)
    igmp_process                             0x000002ed   Thumb Code     2  net_config.o(.text)
    dhcp_disable                             0x000002ef   Thumb Code     2  net_config.o(.text)
    ppp_send_frame                           0x000002f1   Thumb Code     4  net_config.o(.text)
    slip_send_frame                          0x000002f5   Thumb Code     4  net_config.o(.text)
    sntp_get_time                            0x000002f9   Thumb Code     4  net_config.o(.text)
    SystemCoreClockUpdate                    0x00000301   Thumb Code   408  system_lpc17xx.o(.text)
    __RL_TCP_VER                             0x00000472   Number         0  at_system.o ABSOLUTE
    SystemInit                               0x00000499   Thumb Code   310  system_lpc17xx.o(.text)
    setVelDerecha                            0x0000064f   Thumb Code    42  main.o(.text)
    setVelIzquierda                          0x00000679   Thumb Code    42  main.o(.text)
    configGPIO                               0x000006a3   Thumb Code    74  main.o(.text)
    check_cz                                 0x000006ed   Thumb Code   326  main.o(.text)
    check_ISPKey1Key2                        0x00000833   Thumb Code   392  main.o(.text)
    TIMER0_IRQHandler                        0x000009bb   Thumb Code   404  main.o(.text)
    TIMER1_IRQHandler                        0x00000b4f   Thumb Code   544  main.o(.text)
    TIMER2_IRQHandler                        0x00000d6f   Thumb Code   634  main.o(.text)
    ADC_IRQHandler                           0x00000fe9   Thumb Code   458  main.o(.text)
    init_DAC                                 0x000011b3   Thumb Code    30  main.o(.text)
    init_ADC                                 0x000011d1   Thumb Code   108  main.o(.text)
    recto                                    0x0000123d   Thumb Code    94  main.o(.text)
    G                                        0x0000129b   Thumb Code   326  main.o(.text)
    func                                     0x000013e1   Thumb Code    20  main.o(.text)
    TIMER3_IRQHandler                        0x000013f5   Thumb Code   894  main.o(.text)
    genera_muestras                          0x00001773   Thumb Code   214  main.o(.text)
    init_TIMER0                              0x00001849   Thumb Code    64  main.o(.text)
    init_TIMER1                              0x00001889   Thumb Code    80  main.o(.text)
    init_TIMER2                              0x000018d9   Thumb Code    58  main.o(.text)
    init_TIMER3                              0x00001913   Thumb Code    58  main.o(.text)
    init_Externas                            0x0000194d   Thumb Code    22  main.o(.text)
    configPWM                                0x00001963   Thumb Code   102  main.o(.text)
    WDT_Feed                                 0x000019c9   Thumb Code    12  main.o(.text)
    init_WDT                                 0x000019d5   Thumb Code    24  main.o(.text)
    main                                     0x000019ed   Thumb Code  3476  main.o(.text)
    cgi_process_var                          0x000027e9   Thumb Code   226  http_cgi.o(.text)
    cgi_process_data                         0x000028cb   Thumb Code    12  http_cgi.o(.text)
    cgi_func                                 0x000028d7   Thumb Code   216  http_cgi.o(.text)
    squareButton                             0x00002a21   Thumb Code   226  pantalla_lcd.o(.text)
    drawMinus                                0x00002b03   Thumb Code   244  pantalla_lcd.o(.text)
    drawAdd                                  0x00002bf7   Thumb Code   240  pantalla_lcd.o(.text)
    screenMain                               0x00002ce7   Thumb Code    80  pantalla_lcd.o(.text)
    checkTouchPanel                          0x00002d37   Thumb Code    70  pantalla_lcd.o(.text)
    zonePressed                              0x00002d7d   Thumb Code    72  pantalla_lcd.o(.text)
    zoneNewPressed                           0x00002dc5   Thumb Code    80  pantalla_lcd.o(.text)
    screenWelcome                            0x00002e15   Thumb Code    20  pantalla_lcd.o(.text)
    screenMessageIP                          0x00002e29   Thumb Code    98  pantalla_lcd.o(.text)
    UART0_IRQHandler                         0x00002f1d   Thumb Code   416  uartfifo.o(.text)
    SendString                               0x000030bd   Thumb Code   102  uartfifo.o(.text)
    uart0_init                               0x0000321d   Thumb Code    94  uartfifo.o(.text)
    nunchuk_Init                             0x0000330d   Thumb Code    68  nunchuk.o(.text)
    nunchuk_read_Tra                         0x00003351   Thumb Code   230  nunchuk.o(.text)
    LCD_Initializtion                        0x00003487   Thumb Code 63084  glcd.o(.text)
    LCD_Clear                                0x00012af3   Thumb Code  2744  glcd.o(.text)
    LCD_GetPoint                             0x000135c5   Thumb Code  2218  glcd.o(.text)
    LCD_SetPoint                             0x00013e6f   Thumb Code  1304  glcd.o(.text)
    LCD_DrawLine                             0x00014387   Thumb Code   250  glcd.o(.text)
    PutChar                                  0x00014481   Thumb Code   100  glcd.o(.text)
    GUI_Text                                 0x000144e5   Thumb Code    80  glcd.o(.text)
    TP_Init                                  0x00014539   Thumb Code   176  touchpanel.o(.text)
    Read_X                                   0x00014663   Thumb Code    42  touchpanel.o(.text)
    Read_Y                                   0x0001468d   Thumb Code    42  touchpanel.o(.text)
    TP_GetAdXY                               0x000146b7   Thumb Code    34  touchpanel.o(.text)
    TP_DrawPoint                             0x000146d9   Thumb Code    64  touchpanel.o(.text)
    DrawCross                                0x00014719   Thumb Code   356  touchpanel.o(.text)
    Read_Ads7846                             0x0001487d   Thumb Code   520  touchpanel.o(.text)
    setCalibrationMatrix                     0x00014a85   Thumb Code   356  touchpanel.o(.text)
    getDisplayPoint                          0x00014be9   Thumb Code   238  touchpanel.o(.text)
    TouchPanel_Calibrate                     0x00014cd7   Thumb Code   108  touchpanel.o(.text)
    GPIO_SetDir                              0x00014e15   Thumb Code    40  lpc17xx_gpio.o(.text)
    GPIO_SetValue                            0x00014e3d   Thumb Code    20  lpc17xx_gpio.o(.text)
    GPIO_ClearValue                          0x00014e51   Thumb Code    20  lpc17xx_gpio.o(.text)
    GPIO_ReadValue                           0x00014e65   Thumb Code    22  lpc17xx_gpio.o(.text)
    GPIO_IntCmd                              0x00014e7b   Thumb Code    60  lpc17xx_gpio.o(.text)
    GPIO_GetIntStatus                        0x00014eb7   Thumb Code    86  lpc17xx_gpio.o(.text)
    GPIO_ClearInt                            0x00014f0d   Thumb Code    28  lpc17xx_gpio.o(.text)
    FIO_SetDir                               0x00014f29   Thumb Code    20  lpc17xx_gpio.o(.text)
    FIO_SetValue                             0x00014f3d   Thumb Code    16  lpc17xx_gpio.o(.text)
    FIO_ClearValue                           0x00014f4d   Thumb Code    16  lpc17xx_gpio.o(.text)
    FIO_ReadValue                            0x00014f5d   Thumb Code    12  lpc17xx_gpio.o(.text)
    FIO_IntCmd                               0x00014f69   Thumb Code    20  lpc17xx_gpio.o(.text)
    FIO_GetIntStatus                         0x00014f7d   Thumb Code    20  lpc17xx_gpio.o(.text)
    FIO_ClearInt                             0x00014f91   Thumb Code    16  lpc17xx_gpio.o(.text)
    FIO_SetMask                              0x00014fa1   Thumb Code    40  lpc17xx_gpio.o(.text)
    FIO_HalfWordSetDir                       0x00014fc9   Thumb Code    62  lpc17xx_gpio.o(.text)
    FIO_HalfWordSetMask                      0x00015007   Thumb Code    62  lpc17xx_gpio.o(.text)
    FIO_HalfWordSetValue                     0x00015045   Thumb Code    32  lpc17xx_gpio.o(.text)
    FIO_HalfWordClearValue                   0x00015065   Thumb Code    32  lpc17xx_gpio.o(.text)
    FIO_HalfWordReadValue                    0x00015085   Thumb Code    30  lpc17xx_gpio.o(.text)
    FIO_ByteSetDir                           0x000150a3   Thumb Code    50  lpc17xx_gpio.o(.text)
    FIO_ByteSetMask                          0x000150d5   Thumb Code    66  lpc17xx_gpio.o(.text)
    FIO_ByteSetValue                         0x00015117   Thumb Code    34  lpc17xx_gpio.o(.text)
    FIO_ByteClearValue                       0x00015139   Thumb Code    34  lpc17xx_gpio.o(.text)
    FIO_ByteReadValue                        0x0001515b   Thumb Code    42  lpc17xx_gpio.o(.text)
    PINSEL_ConfigTraceFunc                   0x0001522b   Thumb Code    34  lpc17xx_pinsel.o(.text)
    PINSEL_SetI2C0Pins                       0x0001524d   Thumb Code    16  lpc17xx_pinsel.o(.text)
    PINSEL_ConfigPin                         0x0001525d   Thumb Code    36  lpc17xx_pinsel.o(.text)
    SSP_Init                                 0x00015307   Thumb Code   100  lpc17xx_ssp.o(.text)
    SSP_DeInit                               0x0001536b   Thumb Code    60  lpc17xx_ssp.o(.text)
    SSP_GetDataSize                          0x000153a7   Thumb Code    34  lpc17xx_ssp.o(.text)
    SSP_ConfigStructInit                     0x000153c9   Thumb Code    22  lpc17xx_ssp.o(.text)
    SSP_Cmd                                  0x000153df   Thumb Code    68  lpc17xx_ssp.o(.text)
    SSP_LoopBackCmd                          0x00015423   Thumb Code    68  lpc17xx_ssp.o(.text)
    SSP_SlaveOutputCmd                       0x00015467   Thumb Code    72  lpc17xx_ssp.o(.text)
    SSP_SendData                             0x000154af   Thumb Code    36  lpc17xx_ssp.o(.text)
    SSP_ReceiveData                          0x000154d3   Thumb Code    34  lpc17xx_ssp.o(.text)
    SSP_ReadWrite                            0x000154f5   Thumb Code   634  lpc17xx_ssp.o(.text)
    SSP_GetStatus                            0x0001576f   Thumb Code    80  lpc17xx_ssp.o(.text)
    SSP_IntConfig                            0x000157bf   Thumb Code    58  lpc17xx_ssp.o(.text)
    SSP_GetRawIntStatus                      0x000157f9   Thumb Code    76  lpc17xx_ssp.o(.text)
    SSP_GetRawIntStatusReg                   0x00015845   Thumb Code    34  lpc17xx_ssp.o(.text)
    SSP_GetIntStatus                         0x00015867   Thumb Code    76  lpc17xx_ssp.o(.text)
    SSP_ClearIntPending                      0x000158b3   Thumb Code    58  lpc17xx_ssp.o(.text)
    SSP_DMACmd                               0x000158ed   Thumb Code   100  lpc17xx_ssp.o(.text)
    CLKPWR_SetPCLKDiv                        0x00015959   Thumb Code    94  lpc17xx_clkpwr.o(.text)
    CLKPWR_GetPCLKSEL                        0x000159b7   Thumb Code    34  lpc17xx_clkpwr.o(.text)
    CLKPWR_GetPCLK                           0x000159d9   Thumb Code    58  lpc17xx_clkpwr.o(.text)
    CLKPWR_ConfigPPWR                        0x00015a13   Thumb Code    46  lpc17xx_clkpwr.o(.text)
    CLKPWR_Sleep                             0x00015a41   Thumb Code    12  lpc17xx_clkpwr.o(.text)
    CLKPWR_DeepSleep                         0x00015a4d   Thumb Code    18  lpc17xx_clkpwr.o(.text)
    CLKPWR_PowerDown                         0x00015a5f   Thumb Code    18  lpc17xx_clkpwr.o(.text)
    CLKPWR_DeepPowerDown                     0x00015a71   Thumb Code    18  lpc17xx_clkpwr.o(.text)
    SER_Init                                 0x00015a99   Thumb Code     2  serial.o(.text)
    SER_PutChar                              0x00015a9b   Thumb Code    56  serial.o(.text)
    SER_GetChar                              0x00015ad3   Thumb Code    54  serial.o(.text)
    sendchar                                 0x00015b09   Thumb Code    24  serial.o(.text)
    fputc                                    0x00015b21   Thumb Code    16  serial.o(.text)
    int_enable_eth                           0x00015b41   Thumb Code    22  emac_lpc17xx_lan8720.o(.text)
    int_disable_eth                          0x00015b57   Thumb Code    18  emac_lpc17xx_lan8720.o(.text)
    setMac                                   0x00015b69   Thumb Code   178  emac_lpc17xx_lan8720.o(.text)
    init_ethernet                            0x00015d2b   Thumb Code   696  emac_lpc17xx_lan8720.o(.text)
    send_frame                               0x00015fe3   Thumb Code    68  emac_lpc17xx_lan8720.o(.text)
    ENET_IRQHandler                          0x00016027   Thumb Code   168  emac_lpc17xx_lan8720.o(.text)
    __aeabi_uldivmod                         0x0001618d   Thumb Code    98  uldiv.o(.text)
    __aeabi_memcpy                           0x000161ef   Thumb Code    36  memcpya.o(.text)
    __aeabi_memcpy4                          0x000161ef   Thumb Code     0  memcpya.o(.text)
    __aeabi_memcpy8                          0x000161ef   Thumb Code     0  memcpya.o(.text)
    __aeabi_memset                           0x00016213   Thumb Code    14  memseta.o(.text)
    __aeabi_memset4                          0x00016213   Thumb Code     0  memseta.o(.text)
    __aeabi_memset8                          0x00016213   Thumb Code     0  memseta.o(.text)
    __aeabi_memclr                           0x00016221   Thumb Code     4  memseta.o(.text)
    __aeabi_memclr4                          0x00016221   Thumb Code     0  memseta.o(.text)
    __aeabi_memclr8                          0x00016221   Thumb Code     0  memseta.o(.text)
    _memset$wrapper                          0x00016225   Thumb Code    18  memseta.o(.text)
    strncpy                                  0x00016237   Thumb Code    24  strncpy.o(.text)
    strlen                                   0x0001624f   Thumb Code    14  strlen.o(.text)
    strcmp                                   0x0001625d   Thumb Code    28  strcmp.o(.text)
    strncmp                                  0x00016279   Thumb Code    30  strncmp.o(.text)
    strcspn                                  0x00016297   Thumb Code    34  strcspn.o(.text)
    atoi                                     0x000162b9   Thumb Code    26  atoi.o(.text)
    __aeabi_fadd                             0x000162d3   Thumb Code   164  fadd.o(.text)
    __aeabi_fsub                             0x00016377   Thumb Code     6  fadd.o(.text)
    __aeabi_frsub                            0x0001637d   Thumb Code     6  fadd.o(.text)
    __aeabi_fmul                             0x00016383   Thumb Code   100  fmul.o(.text)
    __aeabi_fdiv                             0x000163e7   Thumb Code   124  fdiv.o(.text)
    __aeabi_dadd                             0x00016463   Thumb Code   322  dadd.o(.text)
    __aeabi_dsub                             0x000165a5   Thumb Code     6  dadd.o(.text)
    __aeabi_drsub                            0x000165ab   Thumb Code     6  dadd.o(.text)
    __aeabi_dmul                             0x000165b1   Thumb Code   228  dmul.o(.text)
    __aeabi_ddiv                             0x00016695   Thumb Code   222  ddiv.o(.text)
    __aeabi_ui2f                             0x00016773   Thumb Code    10  ffltui.o(.text)
    __aeabi_i2d                              0x0001677d   Thumb Code    34  dflti.o(.text)
    __aeabi_ui2d                             0x0001679f   Thumb Code    26  dfltui.o(.text)
    __aeabi_f2uiz                            0x000167b9   Thumb Code    40  ffixui.o(.text)
    __aeabi_d2iz                             0x000167e1   Thumb Code    62  dfixi.o(.text)
    __aeabi_d2uiz                            0x0001681f   Thumb Code    50  dfixui.o(.text)
    __aeabi_f2d                              0x00016851   Thumb Code    38  f2d.o(.text)
    __aeabi_cdcmpeq                          0x00016879   Thumb Code     0  cdcmple.o(.text)
    __aeabi_cdcmple                          0x00016879   Thumb Code    48  cdcmple.o(.text)
    __aeabi_cdrcmple                         0x000168a9   Thumb Code    48  cdrcmple.o(.text)
    __aeabi_d2f                              0x000168d9   Thumb Code    56  d2f.o(.text)
    __aeabi_cfcmpeq                          0x00016911   Thumb Code     0  cfcmple.o(.text)
    __aeabi_cfcmple                          0x00016911   Thumb Code    20  cfcmple.o(.text)
    __aeabi_cfrcmple                         0x00016925   Thumb Code    20  cfrcmple.o(.text)
    __aeabi_uidiv                            0x00016939   Thumb Code     0  uidiv.o(.text)
    __aeabi_uidivmod                         0x00016939   Thumb Code    44  uidiv.o(.text)
    __aeabi_llsl                             0x00016965   Thumb Code    30  llshl.o(.text)
    _ll_shift_l                              0x00016965   Thumb Code     0  llshl.o(.text)
    __aeabi_llsr                             0x00016983   Thumb Code    32  llushr.o(.text)
    _ll_ushift_r                             0x00016983   Thumb Code     0  llushr.o(.text)
    __aeabi_lasr                             0x000169a3   Thumb Code    36  llsshr.o(.text)
    _ll_sshift_r                             0x000169a3   Thumb Code     0  llsshr.o(.text)
    __strtod_int                             0x000169ff   Thumb Code    90  strtod.o(.text)
    strtol                                   0x00016a65   Thumb Code   112  strtol.o(.text)
    __I$use$fp                               0x00016ad5   Thumb Code     0  iusefp.o(.text)
    _float_round                             0x00016ad5   Thumb Code    18  fepilogue.o(.text)
    _float_epilogue                          0x00016ae7   Thumb Code    92  fepilogue.o(.text)
    _double_round                            0x00016b43   Thumb Code    30  depilogue.o(.text)
    _double_epilogue                         0x00016b61   Thumb Code   156  depilogue.o(.text)
    __aeabi_d2ulz                            0x00016bfd   Thumb Code    48  dfixul.o(.text)
    __scatterload                            0x00016c2d   Thumb Code    28  init.o(.text)
    __scatterload_rt2                        0x00016c2d   Thumb Code     0  init.o(.text)
    __rt_ctype_table                         0x00016c51   Thumb Code     4  ctype_o.o(.text)
    isspace                                  0x00016c59   Thumb Code    18  isspace_o.o(.text)
    _scanf_real                              0x00016d95   Thumb Code     0  scanf_fp.o(.text)
    _scanf_really_real                       0x00016d95   Thumb Code   556  scanf_fp.o(.text)
    _sgetc                                   0x00016fcd   Thumb Code    30  _sgetc.o(.text)
    _sbackspace                              0x00016feb   Thumb Code    34  _sgetc.o(.text)
    _strtoul                                 0x0001700d   Thumb Code   158  _strtoul.o(.text)
    __ARM_scalbn                             0x000170ab   Thumb Code    46  dscalb.o(.text)
    scalbn                                   0x000170ab   Thumb Code     0  dscalb.o(.text)
    _chval                                   0x000170d9   Thumb Code    28  _chval.o(.text)
    __aeabi_ul2d                             0x000170f5   Thumb Code    24  dfltul.o(.text)
    __decompress                             0x0001710d   Thumb Code     0  __dczerorl2.o(.text)
    __decompress1                            0x0001710d   Thumb Code    86  __dczerorl2.o(.text)
    __0sprintf                               0x00017165   Thumb Code    34  printfa.o(i.__0sprintf)
    __1sprintf                               0x00017165   Thumb Code     0  printfa.o(i.__0sprintf)
    __2sprintf                               0x00017165   Thumb Code     0  printfa.o(i.__0sprintf)
    __c89sprintf                             0x00017165   Thumb Code     0  printfa.o(i.__0sprintf)
    sprintf                                  0x00017165   Thumb Code     0  printfa.o(i.__0sprintf)
    __ARM_fpclassify                         0x0001718d   Thumb Code    40  fpclassify.o(i.__ARM_fpclassify)
    __aeabi_errno_addr                       0x000171b5   Thumb Code     4  errno.o(i.__aeabi_errno_addr)
    __rt_errno_addr                          0x000171b5   Thumb Code     0  errno.o(i.__aeabi_errno_addr)
    __ieee754_rem_pio2                       0x000171bd   Thumb Code   828  rred.o(i.__ieee754_rem_pio2)
    __kernel_cos                             0x00017545   Thumb Code   230  cos_i.o(i.__kernel_cos)
    __kernel_poly                            0x00017641   Thumb Code   170  poly.o(i.__kernel_poly)
    __kernel_sin                             0x000176ed   Thumb Code   224  sin_i.o(i.__kernel_sin)
    __mathlib_dbl_infnan                     0x000177d9   Thumb Code     6  dunder.o(i.__mathlib_dbl_infnan)
    __mathlib_dbl_invalid                    0x000177df   Thumb Code    12  dunder.o(i.__mathlib_dbl_invalid)
    __mathlib_dbl_underflow                  0x000177ed   Thumb Code    10  dunder.o(i.__mathlib_dbl_underflow)
    __read_errno                             0x000177fd   Thumb Code     6  errno.o(i.__read_errno)
    __scatterload_copy                       0x00017809   Thumb Code    14  handlers.o(i.__scatterload_copy)
    __scatterload_null                       0x00017817   Thumb Code     2  handlers.o(i.__scatterload_null)
    __scatterload_zeroinit                   0x00017819   Thumb Code    14  handlers.o(i.__scatterload_zeroinit)
    __set_errno                              0x00017829   Thumb Code     6  errno.o(i.__set_errno)
    _is_digit                                0x000179b9   Thumb Code    14  scanf_fp.o(i._is_digit)
    alloc_mem                                0x00018135   Thumb Code   174  at_mem.o(i.alloc_mem)
    arp_cache_add                            0x000181ed   Thumb Code   174  at_arp.o(i.arp_cache_add)
    arp_cache_early                          0x0001832d   Thumb Code   142  at_arp.o(i.arp_cache_early)
    arp_cache_find                           0x000183c5   Thumb Code   168  at_arp.o(i.arp_cache_find)
    arp_cache_update                         0x00018479   Thumb Code   228  at_arp.o(i.arp_cache_update)
    arp_init                                 0x0001856d   Thumb Code    34  at_arp.o(i.arp_init)
    arp_notify                               0x000185cd   Thumb Code    26  at_arp.o(i.arp_notify)
    arp_process                              0x0001867d   Thumb Code   294  at_arp.o(i.arp_process)
    atof                                     0x0001890d   Thumb Code    42  atof.o(i.atof)
    avail_mem                                0x00018939   Thumb Code    22  at_mem.o(i.avail_mem)
    b64_to_asc                               0x00018955   Thumb Code   120  at_lib.o(i.b64_to_asc)
    calc_chksum16be                          0x000189cd   Thumb Code    18  at_lib.o(i.calc_chksum16be)
    cgx_content_type                         0x000189df   Thumb Code     4  at_http.o(i.cgx_content_type)
    chksum16_buf                             0x00018bb1   Thumb Code    40  at_lib.o(i.chksum16_buf)
    chksum16_val                             0x00018bd9   Thumb Code    10  at_lib.o(i.chksum16_val)
    eth_chk_adr                              0x00018c29   Thumb Code    10  at_ethernet.o(i.eth_chk_adr)
    eth_init_link                            0x00018c39   Thumb Code    40  at_ethernet.o(i.eth_init_link)
    eth_run_link                             0x00018c6d   Thumb Code   194  at_ethernet.o(i.eth_run_link)
    eth_send_frame                           0x00018d41   Thumb Code   150  at_ethernet.o(i.eth_send_frame)
    free_mem                                 0x00018de9   Thumb Code   124  at_mem.o(i.free_mem)
    get_rnd32                                0x00018f59   Thumb Code    18  at_system.o(i.get_rnd32)
    http_accept_host                         0x00018f87   Thumb Code     4  at_http.o(i.http_accept_host)
    http_check_account                       0x00019249   Thumb Code     4  at_http.o(i.http_check_account)
    http_fclose                              0x000193d5   Thumb Code     2  at_http_uif.o(i.http_fclose)
    http_fgets                               0x000193d7   Thumb Code     4  at_http_uif.o(i.http_fgets)
    http_file_access                         0x000193db   Thumb Code     4  at_http.o(i.http_file_access)
    http_finfo                               0x000193df   Thumb Code     4  at_http_uif.o(i.http_finfo)
    http_fopen                               0x000193e3   Thumb Code     4  at_http_uif.o(i.http_fopen)
    http_fread                               0x000193e7   Thumb Code     4  at_http_uif.o(i.http_fread)
    http_get_var                             0x000193ed   Thumb Code   104  at_http.o(i.http_get_var)
    http_init                                0x00019459   Thumb Code    72  at_http.o(i.http_init)
    http_run_server                          0x00019c15   Thumb Code   816  at_http.o(i.http_run_server)
    icmp_init                                0x0001a019   Thumb Code    10  at_icmp.o(i.icmp_init)
    icmp_process                             0x0001a029   Thumb Code   198  at_icmp.o(i.icmp_process)
    icmp_run_engine                          0x0001a0f5   Thumb Code    58  at_icmp.o(i.icmp_run_engine)
    ifree_mem                                0x0001a1ad   Thumb Code    48  at_mem.o(i.ifree_mem)
    init_TcpNet                              0x0001a1e5   Thumb Code    38  at_system.o(i.init_TcpNet)
    init_mem                                 0x0001a215   Thumb Code    86  at_mem.o(i.init_mem)
    ip_chk_frame                             0x0001a275   Thumb Code   190  at_ip.o(i.ip_chk_frame)
    ip_get_locadr                            0x0001a349   Thumb Code   166  at_ip.o(i.ip_get_locadr)
    ip_init                                  0x0001a401   Thumb Code     8  at_ip.o(i.ip_init)
    ip_run_local                             0x0001a40d   Thumb Code    82  at_ip.o(i.ip_run_local)
    ip_send_frame                            0x0001a469   Thumb Code   328  at_ip.o(i.ip_send_frame)
    is_subnet                                0x0001a5b9   Thumb Code    20  at_lib.o(i.is_subnet)
    main_TcpNet                              0x0001a5cd   Thumb Code    86  at_system.o(i.main_TcpNet)
    mem_comp                                 0x0001a631   Thumb Code    24  at_lib.o(i.mem_comp)
    mem_copy                                 0x0001a649   Thumb Code    22  at_lib.o(i.mem_copy)
    mem_crc32                                0x0001a65f   Thumb Code    32  at_lib.o(i.mem_crc32)
    mem_set                                  0x0001a67f   Thumb Code    10  at_lib.o(i.mem_set)
    mem_test                                 0x0001a689   Thumb Code    20  at_lib.o(i.mem_test)
    nrd_u32be                                0x0001a69d   Thumb Code    22  at_lib.o(i.nrd_u32be)
    nwr_u32be                                0x0001a6b3   Thumb Code    16  at_lib.o(i.nwr_u32be)
    put_in_queue                             0x0001a6ed   Thumb Code    36  at_ethernet.o(i.put_in_queue)
    resize_mem                               0x0001a7b5   Thumb Code    68  at_mem.o(i.resize_mem)
    sin                                      0x0001a849   Thumb Code   150  sin.o(i.sin)
    str_copy                                 0x0001a8e9   Thumb Code    18  at_lib.o(i.str_copy)
    str_crc32                                0x0001a8fb   Thumb Code    26  at_lib.o(i.str_crc32)
    str_pos                                  0x0001a915   Thumb Code    22  at_lib.o(i.str_pos)
    str_scomp                                0x0001a92b   Thumb Code    26  at_lib.o(i.str_scomp)
    tcp_abort                                0x0001a945   Thumb Code    76  at_tcp.o(i.tcp_abort)
    tcp_close                                0x0001a995   Thumb Code   150  at_tcp.o(i.tcp_close)
    tcp_get_buf                              0x0001aa31   Thumb Code    32  at_tcp.o(i.tcp_get_buf)
    tcp_get_socket                           0x0001aa51   Thumb Code    70  at_tcp.o(i.tcp_get_socket)
    tcp_get_state                            0x0001aa9d   Thumb Code    32  at_tcp.o(i.tcp_get_state)
    tcp_init                                 0x0001aac1   Thumb Code    18  at_tcp.o(i.tcp_init)
    tcp_listen                               0x0001aad9   Thumb Code   102  at_tcp.o(i.tcp_listen)
    tcp_max_dsize                            0x0001abdd   Thumb Code    30  at_tcp.o(i.tcp_max_dsize)
    tcp_poll_sockets                         0x0001ac61   Thumb Code   630  at_tcp.o(i.tcp_poll_sockets)
    tcp_process                              0x0001b001   Thumb Code  1164  at_tcp.o(i.tcp_process)
    tcp_send                                 0x0001b561   Thumb Code   204  at_tcp.o(i.tcp_send)
    timer_tick                               0x0001b8a9   Thumb Code    14  at_system.o(i.timer_tick)
    udp_init                                 0x0001b8bd   Thumb Code    18  at_udp.o(i.udp_init)
    udp_process                              0x0001b8d5   Thumb Code   178  at_udp.o(i.udp_process)
    nlocalm                                  0x0001c05c   Data          60  net_config.o(.constdata)
    sys_config                               0x0001c098   Data          16  net_config.o(.constdata)
    arp_config                               0x0001c0a8   Data          12  net_config.o(.constdata)
    udp_config                               0x0001c0b4   Data           8  net_config.o(.constdata)
    tcp_config                               0x0001c0bc   Data          24  net_config.o(.constdata)
    http_config                              0x0001c0d4   Data          24  net_config.o(.constdata)
    FileMD                                   0x0001c0ec   Data           4  web_1.o(.constdata)
    FileTab                                  0x0001c7d4   Data          16  web_1.o(.constdata)
    IP_Broadcast                             0x0001c7ea   Data           4  at_ip.o(.constdata)
    MAC_Broadcast                            0x0001c8e6   Data           6  at_ethernet.o(.constdata)
    http_err_401                             0x0001c8ec   Data          86  http_err.o(.constdata)
    http_err_403                             0x0001c942   Data          81  http_err.o(.constdata)
    http_err_404                             0x0001c993   Data          78  http_err.o(.constdata)
    http_err_501                             0x0001c9e1   Data          75  http_err.o(.constdata)
    http_err_head                            0x0001ca2c   Data          47  http_err.o(.constdata)
    http_err_foot                            0x0001ca5b   Data         136  http_err.o(.constdata)
    __ctype_table                            0x0001cc08   Data         129  ctype_o.o(.constdata)
    Region$$Table$$Base                      0x0001ccb0   Number         0  anon$$obj.o(Region$$Table)
    Region$$Table$$Limit                     0x0001cce0   Number         0  anon$$obj.o(Region$$Table)
    SystemCoreClock                          0x10000000   Data           4  system_lpc17xx.o(.data)
    screenState                              0x10000008   Data           1  main.o(.data)
    motor_state                              0x10000009   Data           1  main.o(.data)
    finish_r                                 0x1000000c   Data           4  main.o(.data)
    finish_g                                 0x10000010   Data           4  main.o(.data)
    modo                                     0x10000014   Data           1  main.o(.data)
    estado_decod                             0x10000016   Data           2  main.o(.data)
    indice_decod                             0x10000018   Data           4  main.o(.data)
    count_decod                              0x1000001c   Data           4  main.o(.data)
    order                                    0x10000020   Data           1  main.o(.data)
    order_ej                                 0x10000021   Data          15  main.o(.data)
    dato                                     0x10000030   Data           4  main.o(.data)
    dato_prev                                0x10000034   Data           4  main.o(.data)
    dato_f                                   0x10000038   Data           4  main.o(.data)
    velDerecha                               0x1000003c   Data           4  main.o(.data)
    velIzquierda                             0x10000040   Data           4  main.o(.data)
    L                                        0x10000048   Data           8  main.o(.data)
    L_izq                                    0x10000050   Data           8  main.o(.data)
    L_dcha                                   0x10000058   Data           8  main.o(.data)
    L_total                                  0x10000060   Data           8  main.o(.data)
    L_inicial                                0x10000068   Data           8  main.o(.data)
    pulsos_dcha_1                            0x10000070   Data           4  main.o(.data)
    pulsos_dcha_2                            0x10000074   Data           4  main.o(.data)
    pulsos_izq_1                             0x10000078   Data           4  main.o(.data)
    pulsos_izq_2                             0x1000007c   Data           4  main.o(.data)
    V_izq_1                                  0x10000080   Data           8  main.o(.data)
    V_dcha_1                                 0x10000088   Data           8  main.o(.data)
    V_izq_2                                  0x10000090   Data           8  main.o(.data)
    V_dcha_2                                 0x10000098   Data           8  main.o(.data)
    angulo                                   0x100000a0   Data           8  main.o(.data)
    angulo_inicial                           0x100000a8   Data           8  main.o(.data)
    ang                                      0x100000b0   Data           8  main.o(.data)
    velocidad_1                              0x100000b8   Data           8  main.o(.data)
    velocidad_2                              0x100000c0   Data           8  main.o(.data)
    act                                      0x100000c8   Data           2  main.o(.data)
    recording                                0x100000ca   Data           1  main.o(.data)
    playing                                  0x100000cb   Data           1  main.o(.data)
    pitido                                   0x100000cc   Data           1  main.o(.data)
    n_muestra                                0x100000ce   Data           2  main.o(.data)
    i                                        0x100000d0   Data           1  main.o(.data)
    titulo                                   0x100000d1   Data          25  main.o(.data)
    flag_I2C                                 0x100000ea   Data           1  main.o(.data)
    T_cz                                     0x100000eb   Data           1  main.o(.data)
    T_c                                      0x100000ec   Data           1  main.o(.data)
    ISP                                      0x100000ed   Data           1  main.o(.data)
    Key1                                     0x100000ee   Data           1  main.o(.data)
    Key2                                     0x100000ef   Data           1  main.o(.data)
    T_K1K2                                   0x100000f0   Data           1  main.o(.data)
    counter_TM0                              0x100000f1   Data           1  main.o(.data)
    counter_TM0_2                            0x100000f4   Data           4  main.o(.data)
    ticks_25MHz                              0x100000f8   Data           4  main.o(.data)
    ticks_25MHz_NM1                          0x100000fc   Data           4  main.o(.data)
    ticks2_25MHz                             0x10000100   Data           4  main.o(.data)
    ticks2_25MHz_NM1                         0x10000104   Data           4  main.o(.data)
    TIM2_0                                   0x10000108   Data           1  main.o(.data)
    TIM2_1                                   0x10000109   Data           1  main.o(.data)
    TIM2_2                                   0x1000010a   Data           1  main.o(.data)
    V_bat                                    0x10000110   Data           8  main.o(.data)
    V_th                                     0x10000118   Data           8  main.o(.data)
    n_adc                                    0x10000120   Data           1  main.o(.data)
    zone_1                                   0x10000126   Data          10  pantalla_lcd.o(.data)
    zone_2                                   0x10000130   Data          10  pantalla_lcd.o(.data)
    zone_3                                   0x1000013a   Data          10  pantalla_lcd.o(.data)
    zone_4                                   0x10000144   Data          10  pantalla_lcd.o(.data)
    zone_5                                   0x1000014e   Data          10  pantalla_lcd.o(.data)
    zone_6                                   0x10000158   Data          10  pantalla_lcd.o(.data)
    zone_7                                   0x10000162   Data          10  pantalla_lcd.o(.data)
    zone_8                                   0x1000016c   Data          10  pantalla_lcd.o(.data)
    zone_9                                   0x10000176   Data          10  pantalla_lcd.o(.data)
    pressedTouchPanel                        0x10000180   Data           1  pantalla_lcd.o(.data)
    ptwr                                     0x10000181   Data           1  uartfifo.o(.data)
    ptrd                                     0x10000182   Data           1  uartfifo.o(.data)
    txbuf_lleno                              0x10000183   Data           1  uartfifo.o(.data)
    txbuf_vacio                              0x10000184   Data           1  uartfifo.o(.data)
    rx_completa                              0x10000185   Data           1  uartfifo.o(.data)
    matrix                                   0x10000188   Data          56  touchpanel.o(.data)
    display                                  0x100001c0   Data           4  touchpanel.o(.data)
    DisplaySample                            0x100001c4   Data          12  touchpanel.o(.data)
    ITM_RxBuffer                             0x100001d4   Data           4  serial.o(.data)
    lhost_name                               0x100001d8   Data          16  net_config.o(.data)
    own_hw_adr                               0x100001e8   Data           6  net_config.o(.data)
    iap_entry                                0x10000204   Data           4  emac_lpc17xx_lan8720.o(.data)
    muestras                                 0x10000240   Data       16000  main.o(.bss)
    muestras_pitido                          0x100040c0   Data        2000  main.o(.bss)
    texto                                    0x10004890   Data          25  main.o(.bss)
    canal_0                                  0x100048ac   Data          40  main.o(.bss)
    canal_2                                  0x100048d4   Data          40  main.o(.bss)
    canal_4                                  0x100048fc   Data          40  main.o(.bss)
    txbuf                                    0x10004924   Data         256  uartfifo.o(.bss)
    rxbuf                                    0x10004a24   Data         100  uartfifo.o(.bss)
    nunchuk_d                                0x10004a88   Data          12  nunchuk.o(.bss)
    ScreenSample                             0x10004a94   Data          12  touchpanel.o(.bss)
    localm                                   0x10004b44   Data          60  at_system.o(.bss)
    sys_control                              0x10004b80   Data          16  at_system.o(.bss)
    __initial_sp                             0x10004d90   Data           0  startup_lpc17xx.o(STACK)



==============================================================================

Memory Map of the image

  Image Entry point : 0x000000cd

  Load Region LR_IROM1 (Base: 0x00000000, Size: 0x0001cf20, Max: 0x00080000, ABSOLUTE, COMPRESSED[0x0001cd84])

    Execution Region ER_IROM1 (Exec base: 0x00000000, Load base: 0x00000000, Size: 0x0001cce0, Max: 0x00080000, ABSOLUTE)

    Exec Addr    Load Addr    Size         Type   Attr      Idx    E Section Name        Object

    0x00000000   0x00000000   0x000000cc   Data   RO            3    RESET               startup_lpc17xx.o
    0x000000cc   0x000000cc   0x00000000   Code   RO          929  * .ARM.Collect$$$$00000000  mc_w.l(entry.o)
    0x000000cc   0x000000cc   0x00000004   Code   RO         1277    .ARM.Collect$$$$00000001  mc_w.l(entry2.o)
    0x000000d0   0x000000d0   0x00000004   Code   RO         1280    .ARM.Collect$$$$00000004  mc_w.l(entry5.o)
    0x000000d4   0x000000d4   0x00000000   Code   RO         1282    .ARM.Collect$$$$00000008  mc_w.l(entry7b.o)
    0x000000d4   0x000000d4   0x00000000   Code   RO         1284    .ARM.Collect$$$$0000000A  mc_w.l(entry8b.o)
    0x000000d4   0x000000d4   0x00000008   Code   RO         1285    .ARM.Collect$$$$0000000B  mc_w.l(entry9a.o)
    0x000000dc   0x000000dc   0x00000000   Code   RO         1287    .ARM.Collect$$$$0000000D  mc_w.l(entry10a.o)
    0x000000dc   0x000000dc   0x00000000   Code   RO         1289    .ARM.Collect$$$$0000000F  mc_w.l(entry11a.o)
    0x000000dc   0x000000dc   0x00000004   Code   RO         1278    .ARM.Collect$$$$00002712  mc_w.l(entry2.o)
    0x000000e0   0x000000e0   0x00000024   Code   RO            5    .text               startup_lpc17xx.o
    0x00000104   0x00000104   0x00000160   Code   RO          233    .text               i2c_lpc17xx.o
    0x00000264   0x00000264   0x00000020   Code   RO          291    .text               asciilib.o
    0x00000284   0x00000284   0x00000004   Code   RO          405    .text               lpc17xx_libcfg_default.o
    0x00000288   0x00000288   0x00000074   Code   RO          458    .text               net_config.o
    0x000002fc   0x000002fc   0x00000004   Code   RO            4    .ARM.__at_0x02FC    startup_lpc17xx.o
    0x00000300   0x00000300   0x000002ec   Code   RO           14    .text               system_lpc17xx.o
    0x000005ec   0x000005ec   0x000021fc   Code   RO           59    .text               main.o
    0x000027e8   0x000027e8   0x00000238   Code   RO          134    .text               http_cgi.o
    0x00002a20   0x00002a20   0x000004fc   Code   RO          166    .text               pantalla_lcd.o
    0x00002f1c   0x00002f1c   0x000003f0   Code   RO          202    .text               uartfifo.o
    0x0000330c   0x0000330c   0x00000130   Code   RO          249    .text               nunchuk.o
    0x0000343c   0x0000343c   0x000110fc   Code   RO          271    .text               glcd.o
    0x00014538   0x00014538   0x00000840   Code   RO          306    .text               touchpanel.o
    0x00014d78   0x00014d78   0x0000040c   Code   RO          329    .text               lpc17xx_gpio.o
    0x00015184   0x00015184   0x00000100   Code   RO          348    .text               lpc17xx_pinsel.o
    0x00015284   0x00015284   0x000006d4   Code   RO          371    .text               lpc17xx_ssp.o
    0x00015958   0x00015958   0x00000140   Code   RO          390    .text               lpc17xx_clkpwr.o
    0x00015a98   0x00015a98   0x000000a8   Code   RO          434    .text               serial.o
    0x00015b40   0x00015b40   0x0000064c   Code   RO          480    .text               emac_lpc17xx_lan8720.o
    0x0001618c   0x0001618c   0x00000062   Code   RO          932    .text               mc_w.l(uldiv.o)
    0x000161ee   0x000161ee   0x00000024   Code   RO          934    .text               mc_w.l(memcpya.o)
    0x00016212   0x00016212   0x00000024   Code   RO          936    .text               mc_w.l(memseta.o)
    0x00016236   0x00016236   0x00000018   Code   RO          938    .text               mc_w.l(strncpy.o)
    0x0001624e   0x0001624e   0x0000000e   Code   RO          940    .text               mc_w.l(strlen.o)
    0x0001625c   0x0001625c   0x0000001c   Code   RO          942    .text               mc_w.l(strcmp.o)
    0x00016278   0x00016278   0x0000001e   Code   RO          944    .text               mc_w.l(strncmp.o)
    0x00016296   0x00016296   0x00000022   Code   RO          946    .text               mc_w.l(strcspn.o)
    0x000162b8   0x000162b8   0x0000001a   Code   RO         1211    .text               mc_w.l(atoi.o)
    0x000162d2   0x000162d2   0x000000b0   Code   RO         1213    .text               mf_w.l(fadd.o)
    0x00016382   0x00016382   0x00000064   Code   RO         1215    .text               mf_w.l(fmul.o)
    0x000163e6   0x000163e6   0x0000007c   Code   RO         1217    .text               mf_w.l(fdiv.o)
    0x00016462   0x00016462   0x0000014e   Code   RO         1219    .text               mf_w.l(dadd.o)
    0x000165b0   0x000165b0   0x000000e4   Code   RO         1221    .text               mf_w.l(dmul.o)
    0x00016694   0x00016694   0x000000de   Code   RO         1223    .text               mf_w.l(ddiv.o)
    0x00016772   0x00016772   0x0000000a   Code   RO         1225    .text               mf_w.l(ffltui.o)
    0x0001677c   0x0001677c   0x00000022   Code   RO         1227    .text               mf_w.l(dflti.o)
    0x0001679e   0x0001679e   0x0000001a   Code   RO         1229    .text               mf_w.l(dfltui.o)
    0x000167b8   0x000167b8   0x00000028   Code   RO         1231    .text               mf_w.l(ffixui.o)
    0x000167e0   0x000167e0   0x0000003e   Code   RO         1233    .text               mf_w.l(dfixi.o)
    0x0001681e   0x0001681e   0x00000032   Code   RO         1235    .text               mf_w.l(dfixui.o)
    0x00016850   0x00016850   0x00000026   Code   RO         1237    .text               mf_w.l(f2d.o)
    0x00016876   0x00016876   0x00000002   PAD
    0x00016878   0x00016878   0x00000030   Code   RO         1239    .text               mf_w.l(cdcmple.o)
    0x000168a8   0x000168a8   0x00000030   Code   RO         1241    .text               mf_w.l(cdrcmple.o)
    0x000168d8   0x000168d8   0x00000038   Code   RO         1243    .text               mf_w.l(d2f.o)
    0x00016910   0x00016910   0x00000014   Code   RO         1245    .text               mf_w.l(cfcmple.o)
    0x00016924   0x00016924   0x00000014   Code   RO         1247    .text               mf_w.l(cfrcmple.o)
    0x00016938   0x00016938   0x0000002c   Code   RO         1292    .text               mc_w.l(uidiv.o)
    0x00016964   0x00016964   0x0000001e   Code   RO         1294    .text               mc_w.l(llshl.o)
    0x00016982   0x00016982   0x00000020   Code   RO         1296    .text               mc_w.l(llushr.o)
    0x000169a2   0x000169a2   0x00000024   Code   RO         1298    .text               mc_w.l(llsshr.o)
    0x000169c6   0x000169c6   0x00000002   PAD
    0x000169c8   0x000169c8   0x0000009c   Code   RO         1307    .text               mc_w.l(strtod.o)
    0x00016a64   0x00016a64   0x00000070   Code   RO         1309    .text               mc_w.l(strtol.o)
    0x00016ad4   0x00016ad4   0x00000000   Code   RO         1311    .text               mc_w.l(iusefp.o)
    0x00016ad4   0x00016ad4   0x0000006e   Code   RO         1312    .text               mf_w.l(fepilogue.o)
    0x00016b42   0x00016b42   0x000000ba   Code   RO         1314    .text               mf_w.l(depilogue.o)
    0x00016bfc   0x00016bfc   0x00000030   Code   RO         1316    .text               mf_w.l(dfixul.o)
    0x00016c2c   0x00016c2c   0x00000024   Code   RO         1322    .text               mc_w.l(init.o)
    0x00016c50   0x00016c50   0x00000008   Code   RO         1326    .text               mc_w.l(ctype_o.o)
    0x00016c58   0x00016c58   0x00000012   Code   RO         1348    .text               mc_w.l(isspace_o.o)
    0x00016c6a   0x00016c6a   0x00000002   PAD
    0x00016c6c   0x00016c6c   0x00000360   Code   RO         1354    .text               mc_w.l(scanf_fp.o)
    0x00016fcc   0x00016fcc   0x00000040   Code   RO         1358    .text               mc_w.l(_sgetc.o)
    0x0001700c   0x0001700c   0x0000009e   Code   RO         1360    .text               mc_w.l(_strtoul.o)
    0x000170aa   0x000170aa   0x0000002e   Code   RO         1362    .text               mf_w.l(dscalb.o)
    0x000170d8   0x000170d8   0x0000001c   Code   RO         1367    .text               mc_w.l(_chval.o)
    0x000170f4   0x000170f4   0x00000018   Code   RO         1369    .text               mf_w.l(dfltul.o)
    0x0001710c   0x0001710c   0x00000056   Code   RO         1378    .text               mc_w.l(__dczerorl2.o)
    0x00017162   0x00017162   0x00000002   PAD
    0x00017164   0x00017164   0x00000028   Code   RO         1185    i.__0sprintf        mc_w.l(printfa.o)
    0x0001718c   0x0001718c   0x00000028   Code   RO         1318    i.__ARM_fpclassify  m_ws.l(fpclassify.o)
    0x000171b4   0x000171b4   0x00000008   Code   RO         1300    i.__aeabi_errno_addr  mc_w.l(errno.o)
    0x000171bc   0x000171bc   0x00000388   Code   RO         1266    i.__ieee754_rem_pio2  m_ws.l(rred.o)
    0x00017544   0x00017544   0x000000fc   Code   RO         1249    i.__kernel_cos      m_ws.l(cos_i.o)
    0x00017640   0x00017640   0x000000aa   Code   RO         1320    i.__kernel_poly     m_ws.l(poly.o)
    0x000176ea   0x000176ea   0x00000002   PAD
    0x000176ec   0x000176ec   0x000000ec   Code   RO         1271    i.__kernel_sin      m_ws.l(sin_i.o)
    0x000177d8   0x000177d8   0x00000006   Code   RO         1253    i.__mathlib_dbl_infnan  m_ws.l(dunder.o)
    0x000177de   0x000177de   0x0000000c   Code   RO         1255    i.__mathlib_dbl_invalid  m_ws.l(dunder.o)
    0x000177ea   0x000177ea   0x00000002   PAD
    0x000177ec   0x000177ec   0x00000010   Code   RO         1258    i.__mathlib_dbl_underflow  m_ws.l(dunder.o)
    0x000177fc   0x000177fc   0x0000000c   Code   RO         1301    i.__read_errno      mc_w.l(errno.o)
    0x00017808   0x00017808   0x0000000e   Code   RO         1372    i.__scatterload_copy  mc_w.l(handlers.o)
    0x00017816   0x00017816   0x00000002   Code   RO         1373    i.__scatterload_null  mc_w.l(handlers.o)
    0x00017818   0x00017818   0x0000000e   Code   RO         1374    i.__scatterload_zeroinit  mc_w.l(handlers.o)
    0x00017826   0x00017826   0x00000002   PAD
    0x00017828   0x00017828   0x0000000c   Code   RO         1302    i.__set_errno       mc_w.l(errno.o)
    0x00017834   0x00017834   0x00000184   Code   RO         1190    i._fp_digits        mc_w.l(printfa.o)
    0x000179b8   0x000179b8   0x0000000e   Code   RO         1356    i._is_digit         mc_w.l(scanf_fp.o)
    0x000179c6   0x000179c6   0x00000002   PAD
    0x000179c8   0x000179c8   0x000006dc   Code   RO         1191    i._printf_core      mc_w.l(printfa.o)
    0x000180a4   0x000180a4   0x00000024   Code   RO         1192    i._printf_post_padding  mc_w.l(printfa.o)
    0x000180c8   0x000180c8   0x0000002e   Code   RO         1193    i._printf_pre_padding  mc_w.l(printfa.o)
    0x000180f6   0x000180f6   0x0000000a   Code   RO         1195    i._sputc            mc_w.l(printfa.o)
    0x00018100   0x00018100   0x00000034   Code   RO          700    i.add_server_id     TCP_CM3.lib(at_http.o)
    0x00018134   0x00018134   0x000000b8   Code   RO          854    i.alloc_mem         TCP_CM3.lib(at_mem.o)
    0x000181ec   0x000181ec   0x000000b8   Code   RO          516    i.arp_cache_add     TCP_CM3.lib(at_arp.o)
    0x000182a4   0x000182a4   0x00000088   Code   RO          517    i.arp_cache_alloc   TCP_CM3.lib(at_arp.o)
    0x0001832c   0x0001832c   0x00000098   Code   RO          518    i.arp_cache_early   TCP_CM3.lib(at_arp.o)
    0x000183c4   0x000183c4   0x000000b4   Code   RO          519    i.arp_cache_find    TCP_CM3.lib(at_arp.o)
    0x00018478   0x00018478   0x000000f4   Code   RO          522    i.arp_cache_update  TCP_CM3.lib(at_arp.o)
    0x0001856c   0x0001856c   0x0000002c   Code   RO          525    i.arp_init          TCP_CM3.lib(at_arp.o)
    0x00018598   0x00018598   0x00000034   Code   RO          526    i.arp_is_cacheable  TCP_CM3.lib(at_arp.o)
    0x000185cc   0x000185cc   0x00000028   Code   RO          527    i.arp_notify        TCP_CM3.lib(at_arp.o)
    0x000185f4   0x000185f4   0x00000088   Code   RO          529    i.arp_proc_response  TCP_CM3.lib(at_arp.o)
    0x0001867c   0x0001867c   0x00000138   Code   RO          530    i.arp_process       TCP_CM3.lib(at_arp.o)
    0x000187b4   0x000187b4   0x000000a0   Code   RO          531    i.arp_send_reply    TCP_CM3.lib(at_arp.o)
    0x00018854   0x00018854   0x000000b8   Code   RO          532    i.arp_send_request  TCP_CM3.lib(at_arp.o)
    0x0001890c   0x0001890c   0x0000002a   Code   RO          918    i.atof              m_ws.l(atof.o)
    0x00018936   0x00018936   0x00000002   PAD
    0x00018938   0x00018938   0x0000001c   Code   RO          855    i.avail_mem         TCP_CM3.lib(at_mem.o)
    0x00018954   0x00018954   0x00000078   Code   RO          799    i.b64_to_asc        TCP_CM3.lib(at_lib.o)
    0x000189cc   0x000189cc   0x00000012   Code   RO          801    i.calc_chksum16be   TCP_CM3.lib(at_lib.o)
    0x000189de   0x000189de   0x00000004   Code   RO          701    i.cgx_content_type  TCP_CM3.lib(at_http.o)
    0x000189e2   0x000189e2   0x00000002   PAD
    0x000189e4   0x000189e4   0x000001cc   Code   RO          702    i.chk_post_req      TCP_CM3.lib(at_http.o)
    0x00018bb0   0x00018bb0   0x00000028   Code   RO          802    i.chksum16_buf      TCP_CM3.lib(at_lib.o)
    0x00018bd8   0x00018bd8   0x0000000a   Code   RO          803    i.chksum16_val      TCP_CM3.lib(at_lib.o)
    0x00018be2   0x00018be2   0x0000001e   Code   RO          703    i.cmp_fname_ext     TCP_CM3.lib(at_http.o)
    0x00018c00   0x00018c00   0x00000028   Code   RO          704    i.cmp_header        TCP_CM3.lib(at_http.o)
    0x00018c28   0x00018c28   0x00000010   Code   RO          778    i.eth_chk_adr       TCP_CM3.lib(at_ethernet.o)
    0x00018c38   0x00018c38   0x00000034   Code   RO          780    i.eth_init_link     TCP_CM3.lib(at_ethernet.o)
    0x00018c6c   0x00018c6c   0x000000d4   Code   RO          781    i.eth_run_link      TCP_CM3.lib(at_ethernet.o)
    0x00018d40   0x00018d40   0x000000a8   Code   RO          782    i.eth_send_frame    TCP_CM3.lib(at_ethernet.o)
    0x00018de8   0x00018de8   0x00000084   Code   RO          856    i.free_mem          TCP_CM3.lib(at_mem.o)
    0x00018e6c   0x00018e6c   0x00000028   Code   RO          805    i.get_crc32         TCP_CM3.lib(at_lib.o)
    0x00018e94   0x00018e94   0x00000068   Code   RO          705    i.get_file_type     TCP_CM3.lib(at_http.o)
    0x00018efc   0x00018efc   0x00000028   Code   RO          706    i.get_next_field    TCP_CM3.lib(at_http.o)
    0x00018f24   0x00018f24   0x00000032   Code   RO          707    i.get_next_par      TCP_CM3.lib(at_http.o)
    0x00018f56   0x00018f56   0x00000002   PAD
    0x00018f58   0x00018f58   0x0000001c   Code   RO          874    i.get_rnd32         TCP_CM3.lib(at_system.o)
    0x00018f74   0x00018f74   0x00000012   Code   RO          708    i.hex2byte          TCP_CM3.lib(at_http.o)
    0x00018f86   0x00018f86   0x00000004   Code   RO          709    i.http_accept_host  TCP_CM3.lib(at_http.o)
    0x00018f8a   0x00018f8a   0x00000002   PAD
    0x00018f8c   0x00018f8c   0x000002bc   Code   RO          710    i.http_add_header   TCP_CM3.lib(at_http.o)
    0x00019248   0x00019248   0x00000004   Code   RO          711    i.http_check_account  TCP_CM3.lib(at_http.o)
    0x0001924c   0x0001924c   0x00000188   Code   RO          713    i.http_error_msg    TCP_CM3.lib(at_http.o)
    0x000193d4   0x000193d4   0x00000002   Code   RO          901    i.http_fclose       TCP_CM3.lib(at_http_uif.o)
    0x000193d6   0x000193d6   0x00000004   Code   RO          902    i.http_fgets        TCP_CM3.lib(at_http_uif.o)
    0x000193da   0x000193da   0x00000004   Code   RO          714    i.http_file_access  TCP_CM3.lib(at_http.o)
    0x000193de   0x000193de   0x00000004   Code   RO          903    i.http_finfo        TCP_CM3.lib(at_http_uif.o)
    0x000193e2   0x000193e2   0x00000004   Code   RO          904    i.http_fopen        TCP_CM3.lib(at_http_uif.o)
    0x000193e6   0x000193e6   0x00000004   Code   RO          905    i.http_fread        TCP_CM3.lib(at_http_uif.o)
    0x000193ea   0x000193ea   0x00000002   PAD
    0x000193ec   0x000193ec   0x0000006c   Code   RO          720    i.http_get_var      TCP_CM3.lib(at_http.o)
    0x00019458   0x00019458   0x00000050   Code   RO          721    i.http_init         TCP_CM3.lib(at_http.o)
    0x000194a8   0x000194a8   0x0000005e   Code   RO          722    i.http_kill_session  TCP_CM3.lib(at_http.o)
    0x00019506   0x00019506   0x00000002   PAD
    0x00019508   0x00019508   0x00000224   Code   RO          723    i.http_listener     TCP_CM3.lib(at_http.o)
    0x0001972c   0x0001972c   0x00000120   Code   RO          724    i.http_open_file    TCP_CM3.lib(at_http.o)
    0x0001984c   0x0001984c   0x00000154   Code   RO          725    i.http_proc_header  TCP_CM3.lib(at_http.o)
    0x000199a0   0x000199a0   0x0000017c   Code   RO          726    i.http_proc_multipart  TCP_CM3.lib(at_http.o)
    0x00019b1c   0x00019b1c   0x000000f8   Code   RO          727    i.http_proc_post    TCP_CM3.lib(at_http.o)
    0x00019c14   0x00019c14   0x0000033c   Code   RO          728    i.http_run_server   TCP_CM3.lib(at_http.o)
    0x00019f50   0x00019f50   0x0000001e   Code   RO          729    i.http_strcpy       TCP_CM3.lib(at_http.o)
    0x00019f6e   0x00019f6e   0x00000002   PAD
    0x00019f70   0x00019f70   0x000000a8   Code   RO          730    i.http_to_utc       TCP_CM3.lib(at_http.o)
    0x0001a018   0x0001a018   0x00000010   Code   RO          579    i.icmp_init         TCP_CM3.lib(at_icmp.o)
    0x0001a028   0x0001a028   0x000000cc   Code   RO          581    i.icmp_process      TCP_CM3.lib(at_icmp.o)
    0x0001a0f4   0x0001a0f4   0x00000048   Code   RO          582    i.icmp_run_engine   TCP_CM3.lib(at_icmp.o)
    0x0001a13c   0x0001a13c   0x00000070   Code   RO          583    i.icmp_send_message  TCP_CM3.lib(at_icmp.o)
    0x0001a1ac   0x0001a1ac   0x00000038   Code   RO          857    i.ifree_mem         TCP_CM3.lib(at_mem.o)
    0x0001a1e4   0x0001a1e4   0x00000030   Code   RO          875    i.init_TcpNet       TCP_CM3.lib(at_system.o)
    0x0001a214   0x0001a214   0x00000060   Code   RO          858    i.init_mem          TCP_CM3.lib(at_mem.o)
    0x0001a274   0x0001a274   0x000000c8   Code   RO          558    i.ip_chk_frame      TCP_CM3.lib(at_ip.o)
    0x0001a33c   0x0001a33c   0x0000000a   Code   RO          559    i.ip_get_chksum     TCP_CM3.lib(at_ip.o)
    0x0001a346   0x0001a346   0x00000002   PAD
    0x0001a348   0x0001a348   0x000000b8   Code   RO          560    i.ip_get_locadr     TCP_CM3.lib(at_ip.o)
    0x0001a400   0x0001a400   0x0000000c   Code   RO          561    i.ip_init           TCP_CM3.lib(at_ip.o)
    0x0001a40c   0x0001a40c   0x0000005c   Code   RO          562    i.ip_run_local      TCP_CM3.lib(at_ip.o)
    0x0001a468   0x0001a468   0x00000150   Code   RO          563    i.ip_send_frame     TCP_CM3.lib(at_ip.o)
    0x0001a5b8   0x0001a5b8   0x00000014   Code   RO          806    i.is_subnet         TCP_CM3.lib(at_lib.o)
    0x0001a5cc   0x0001a5cc   0x00000064   Code   RO          876    i.main_TcpNet       TCP_CM3.lib(at_system.o)
    0x0001a630   0x0001a630   0x00000018   Code   RO          807    i.mem_comp          TCP_CM3.lib(at_lib.o)
    0x0001a648   0x0001a648   0x00000016   Code   RO          808    i.mem_copy          TCP_CM3.lib(at_lib.o)
    0x0001a65e   0x0001a65e   0x00000020   Code   RO          809    i.mem_crc32         TCP_CM3.lib(at_lib.o)
    0x0001a67e   0x0001a67e   0x0000000a   Code   RO          811    i.mem_set           TCP_CM3.lib(at_lib.o)
    0x0001a688   0x0001a688   0x00000014   Code   RO          812    i.mem_test          TCP_CM3.lib(at_lib.o)
    0x0001a69c   0x0001a69c   0x00000016   Code   RO          814    i.nrd_u32be         TCP_CM3.lib(at_lib.o)
    0x0001a6b2   0x0001a6b2   0x00000010   Code   RO          816    i.nwr_u32be         TCP_CM3.lib(at_lib.o)
    0x0001a6c2   0x0001a6c2   0x00000002   PAD
    0x0001a6c4   0x0001a6c4   0x00000028   Code   RO          731    i.proc_req_line     TCP_CM3.lib(at_http.o)
    0x0001a6ec   0x0001a6ec   0x00000028   Code   RO          783    i.put_in_queue      TCP_CM3.lib(at_ethernet.o)
    0x0001a714   0x0001a714   0x000000a0   Code   RO          732    i.read_script_line  TCP_CM3.lib(at_http.o)
    0x0001a7b4   0x0001a7b4   0x00000048   Code   RO          859    i.resize_mem        TCP_CM3.lib(at_mem.o)
    0x0001a7fc   0x0001a7fc   0x0000004c   Code   RO          733    i.search_delim      TCP_CM3.lib(at_http.o)
    0x0001a848   0x0001a848   0x000000a0   Code   RO          922    i.sin               m_ws.l(sin.o)
    0x0001a8e8   0x0001a8e8   0x00000012   Code   RO          817    i.str_copy          TCP_CM3.lib(at_lib.o)
    0x0001a8fa   0x0001a8fa   0x0000001a   Code   RO          818    i.str_crc32         TCP_CM3.lib(at_lib.o)
    0x0001a914   0x0001a914   0x00000016   Code   RO          819    i.str_pos           TCP_CM3.lib(at_lib.o)
    0x0001a92a   0x0001a92a   0x0000001a   Code   RO          820    i.str_scomp         TCP_CM3.lib(at_lib.o)
    0x0001a944   0x0001a944   0x00000050   Code   RO          596    i.tcp_abort         TCP_CM3.lib(at_tcp.o)
    0x0001a994   0x0001a994   0x0000009c   Code   RO          598    i.tcp_close         TCP_CM3.lib(at_tcp.o)
    0x0001aa30   0x0001aa30   0x00000020   Code   RO          601    i.tcp_get_buf       TCP_CM3.lib(at_tcp.o)
    0x0001aa50   0x0001aa50   0x0000004c   Code   RO          603    i.tcp_get_socket    TCP_CM3.lib(at_tcp.o)
    0x0001aa9c   0x0001aa9c   0x00000024   Code   RO          604    i.tcp_get_state     TCP_CM3.lib(at_tcp.o)
    0x0001aac0   0x0001aac0   0x00000018   Code   RO          605    i.tcp_init          TCP_CM3.lib(at_tcp.o)
    0x0001aad8   0x0001aad8   0x0000006c   Code   RO          607    i.tcp_listen        TCP_CM3.lib(at_tcp.o)
    0x0001ab44   0x0001ab44   0x00000098   Code   RO          608    i.tcp_map_socket    TCP_CM3.lib(at_tcp.o)
    0x0001abdc   0x0001abdc   0x00000024   Code   RO          609    i.tcp_max_dsize     TCP_CM3.lib(at_tcp.o)
    0x0001ac00   0x0001ac00   0x0000005e   Code   RO          611    i.tcp_parse_opt     TCP_CM3.lib(at_tcp.o)
    0x0001ac5e   0x0001ac5e   0x00000002   PAD
    0x0001ac60   0x0001ac60   0x00000284   Code   RO          612    i.tcp_poll_sockets  TCP_CM3.lib(at_tcp.o)
    0x0001aee4   0x0001aee4   0x000000c8   Code   RO          613    i.tcp_proc_acknr    TCP_CM3.lib(at_tcp.o)
    0x0001afac   0x0001afac   0x00000052   Code   RO          614    i.tcp_proc_dupack   TCP_CM3.lib(at_tcp.o)
    0x0001affe   0x0001affe   0x00000002   PAD
    0x0001b000   0x0001b000   0x00000498   Code   RO          615    i.tcp_process       TCP_CM3.lib(at_tcp.o)
    0x0001b498   0x0001b498   0x0000001a   Code   RO          616    i.tcp_que_free      TCP_CM3.lib(at_tcp.o)
    0x0001b4b2   0x0001b4b2   0x0000001a   Code   RO          617    i.tcp_que_init      TCP_CM3.lib(at_tcp.o)
    0x0001b4cc   0x0001b4cc   0x00000094   Code   RO          618    i.tcp_que_resend    TCP_CM3.lib(at_tcp.o)
    0x0001b560   0x0001b560   0x000000d4   Code   RO          622    i.tcp_send          TCP_CM3.lib(at_tcp.o)
    0x0001b634   0x0001b634   0x0000006a   Code   RO          623    i.tcp_send_ctrl     TCP_CM3.lib(at_tcp.o)
    0x0001b69e   0x0001b69e   0x00000050   Code   RO          624    i.tcp_send_data     TCP_CM3.lib(at_tcp.o)
    0x0001b6ee   0x0001b6ee   0x00000068   Code   RO          625    i.tcp_send_reset    TCP_CM3.lib(at_tcp.o)
    0x0001b756   0x0001b756   0x00000026   Code   RO          626    i.tcp_set_cwnd      TCP_CM3.lib(at_tcp.o)
    0x0001b77c   0x0001b77c   0x00000068   Code   RO          627    i.tcp_transit       TCP_CM3.lib(at_tcp.o)
    0x0001b7e4   0x0001b7e4   0x000000c4   Code   RO          628    i.tcp_write         TCP_CM3.lib(at_tcp.o)
    0x0001b8a8   0x0001b8a8   0x00000014   Code   RO          877    i.timer_tick        TCP_CM3.lib(at_system.o)
    0x0001b8bc   0x0001b8bc   0x00000018   Code   RO          673    i.udp_init          TCP_CM3.lib(at_udp.o)
    0x0001b8d4   0x0001b8d4   0x000000b8   Code   RO          678    i.udp_process       TCP_CM3.lib(at_udp.o)
    0x0001b98c   0x0001b98c   0x000000e0   Code   RO          734    i.utc_to_http       TCP_CM3.lib(at_http.o)
    0x0001ba6c   0x0001ba6c   0x000005f0   Data   RO          292    .constdata          asciilib.o
    0x0001c05c   0x0001c05c   0x00000090   Data   RO          460    .constdata          net_config.o
    0x0001c0ec   0x0001c0ec   0x000006f8   Data   RO          507    .constdata          web_1.o
    0x0001c7e4   0x0001c7e4   0x00000006   Data   RO          533    .constdata          TCP_CM3.lib(at_arp.o)
    0x0001c7ea   0x0001c7ea   0x00000008   Data   RO          564    .constdata          TCP_CM3.lib(at_ip.o)
    0x0001c7f2   0x0001c7f2   0x000000f4   Data   RO          735    .constdata          TCP_CM3.lib(at_http.o)
    0x0001c8e6   0x0001c8e6   0x00000006   Data   RO          785    .constdata          TCP_CM3.lib(at_ethernet.o)
    0x0001c8ec   0x0001c8ec   0x00000056   Data   RO          889    .constdata          TCP_CM3.lib(http_err.o)
    0x0001c942   0x0001c942   0x00000051   Data   RO          890    .constdata          TCP_CM3.lib(http_err.o)
    0x0001c993   0x0001c993   0x0000004e   Data   RO          891    .constdata          TCP_CM3.lib(http_err.o)
    0x0001c9e1   0x0001c9e1   0x0000004b   Data   RO          892    .constdata          TCP_CM3.lib(http_err.o)
    0x0001ca2c   0x0001ca2c   0x0000002f   Data   RO          893    .constdata          TCP_CM3.lib(http_err.o)
    0x0001ca5b   0x0001ca5b   0x00000088   Data   RO          894    .constdata          TCP_CM3.lib(http_err.o)
    0x0001cae3   0x0001cae3   0x00000005   PAD
    0x0001cae8   0x0001cae8   0x00000030   Data   RO         1250    .constdata          m_ws.l(cos_i.o)
    0x0001cb18   0x0001cb18   0x000000c8   Data   RO         1268    .constdata          m_ws.l(rred.o)
    0x0001cbe0   0x0001cbe0   0x00000028   Data   RO         1272    .constdata          m_ws.l(sin_i.o)
    0x0001cc08   0x0001cc08   0x00000081   Data   RO         1327    .constdata          mc_w.l(ctype_o.o)
    0x0001cc89   0x0001cc89   0x00000003   PAD
    0x0001cc8c   0x0001cc8c   0x00000004   Data   RO         1328    .constdata          mc_w.l(ctype_o.o)
    0x0001cc90   0x0001cc90   0x0000001d   Data   RO          461    .conststring        net_config.o
    0x0001ccad   0x0001ccad   0x00000003   PAD
    0x0001ccb0   0x0001ccb0   0x00000030   Data   RO         1371    Region$$Table       anon$$obj.o


    Execution Region RW_IRAM1 (Exec base: 0x10000000, Load base: 0x0001cce0, Size: 0x00004d90, Max: 0x00008000, ABSOLUTE, COMPRESSED[0x000000a4])

    Exec Addr    Load Addr    Size         Type   Attr      Idx    E Section Name        Object

    0x10000000   COMPRESSED   0x00000004   Data   RW           15    .data               system_lpc17xx.o
    0x10000004   COMPRESSED   0x00000004   PAD
    0x10000008   COMPRESSED   0x0000011e   Data   RW           61    .data               main.o
    0x10000126   COMPRESSED   0x0000005b   Data   RW          167    .data               pantalla_lcd.o
    0x10000181   COMPRESSED   0x00000006   Data   RW          204    .data               uartfifo.o
    0x10000187   COMPRESSED   0x00000001   Data   RW          272    .data               glcd.o
    0x10000188   COMPRESSED   0x0000004c   Data   RW          308    .data               touchpanel.o
    0x100001d4   COMPRESSED   0x00000004   Data   RW          435    .data               serial.o
    0x100001d8   COMPRESSED   0x0000002a   Data   RW          462    .data               net_config.o
    0x10000202   COMPRESSED   0x00000002   PAD
    0x10000204   COMPRESSED   0x00000014   Data   RW          482    .data               emac_lpc17xx_lan8720.o
    0x10000218   COMPRESSED   0x00000008   Data   RW          534    .data               TCP_CM3.lib(at_arp.o)
    0x10000220   COMPRESSED   0x0000000c   Data   RW          565    .data               TCP_CM3.lib(at_ip.o)
    0x1000022c   COMPRESSED   0x00000004   Data   RW          629    .data               TCP_CM3.lib(at_tcp.o)
    0x10000230   COMPRESSED   0x0000000c   Data   RW          736    .data               TCP_CM3.lib(at_http.o)
    0x1000023c   COMPRESSED   0x00000004   Data   RW         1303    .data               mc_w.l(errno.o)
    0x10000240        -       0x000046e4   Zero   RW           60    .bss                main.o
    0x10004924        -       0x00000164   Zero   RW          203    .bss                uartfifo.o
    0x10004a88        -       0x0000000c   Zero   RW          250    .bss                nunchuk.o
    0x10004a94        -       0x0000000c   Zero   RW          307    .bss                touchpanel.o
    0x10004aa0        -       0x00000010   Zero   RW          584    .bss                TCP_CM3.lib(at_icmp.o)
    0x10004ab0        -       0x00000084   Zero   RW          784    .bss                TCP_CM3.lib(at_ethernet.o)
    0x10004b34        -       0x00000010   Zero   RW          860    .bss                TCP_CM3.lib(at_mem.o)
    0x10004b44        -       0x0000004c   Zero   RW          878    .bss                TCP_CM3.lib(at_system.o)
    0x10004b90        -       0x00000200   Zero   RW            1    STACK               startup_lpc17xx.o


    Execution Region RW_IRAM2 (Exec base: 0x2007c000, Load base: 0x0001cd84, Size: 0x00005e1c, Max: 0x00008000, ABSOLUTE)

    Exec Addr    Load Addr    Size         Type   Attr      Idx    E Section Name        Object

    0x2007c000        -       0x000033b8   Zero   RW          459    .bss                net_config.o
    0x2007f3b8        -       0x00002a64   Zero   RW          481    .bss                emac_lpc17xx_lan8720.o


==============================================================================

Image component sizes


      Code (inc. data)   RO Data    RW Data    ZI Data      Debug   Object Name

        32          6       1520          0          0       1191   asciilib.o
      1612        104          0         20      10852      26781   emac_lpc17xx_lan8720.o
     69884        340          0          1          0     187306   glcd.o
       568        114          0          0          0      16124   http_cgi.o
       352          6          0          0          0       1634   i2c_lpc17xx.o
       320         22          0          0          0       1911   lpc17xx_clkpwr.o
      1036         28          0          0          0       9207   lpc17xx_gpio.o
         4          0          0          0          0       1035   lpc17xx_libcfg_default.o
       256          4          0          0          0       2493   lpc17xx_pinsel.o
      1748         84          0          0          0       6684   lpc17xx_ssp.o
      8700       1216          0        286      18148      52365   main.o
       116          8        173         42      13240       3373   net_config.o
       304          6          0          0         12       1512   nunchuk.o
      1276        146          0         91          0      22508   pantalla_lcd.o
       168         16          0          4          0      17993   serial.o
        40         12        204          0        512       1144   startup_lpc17xx.o
       748         30          0          4          0      22921   system_lpc17xx.o
      2112         70          0         76         12       5857   touchpanel.o
      1008        146          0          6        356      18936   uartfifo.o
         0          0       1784          0          0        613   web_1.o

    ----------------------------------------------------------------------
     90284       2358       3732        536      43132     401588   Object Totals
         0          0         48          0          0          0   (incl. Generated)
         0          0          3          6          0          0   (incl. Padding)

    ----------------------------------------------------------------------

      Code (inc. data)   RO Data    RW Data    ZI Data      Debug   Library Member Name

      1824        138          6          8          0       1040   at_arp.o
       488         58          6          0        132        404   at_ethernet.o
      5514       1176        244         12          0       2268   at_http.o
        18          0          0          0          0        340   at_http_uif.o
       404         30          0          0         16        308   at_icmp.o
       834         56          8         12          0        520   at_ip.o
       486          6          0          0          0       1224   at_lib.o
       568         46          0          0         16        520   at_mem.o
       196         40          0          0         76        292   at_system.o
      3936        158          0          4          0       2008   at_tcp.o
       208         12          0          0          0        156   at_udp.o
         0          0        503          0          0          0   http_err.o
        42          0          0          0          0         84   atof.o
       252         22         48          0          0        124   cos_i.o
        34          6          0          0          0        204   dunder.o
        40          0          0          0          0         68   fpclassify.o
       170          0          0          0          0         96   poly.o
       904         76        200          0          0        140   rred.o
       160         10          0          0          0        108   sin.o
       236         12         40          0          0        128   sin_i.o
        86          0          0          0          0          0   __dczerorl2.o
        28          0          0          0          0         68   _chval.o
        64          0          0          0          0         84   _sgetc.o
       158          0          0          0          0         92   _strtoul.o
        26          0          0          0          0         80   atoi.o
         8          4        133          0          0         68   ctype_o.o
         0          0          0          0          0          0   entry.o
         0          0          0          0          0          0   entry10a.o
         0          0          0          0          0          0   entry11a.o
         8          4          0          0          0          0   entry2.o
         4          0          0          0          0          0   entry5.o
         0          0          0          0          0          0   entry7b.o
         0          0          0          0          0          0   entry8b.o
         8          4          0          0          0          0   entry9a.o
        32         16          0          4          0        204   errno.o
        30          0          0          0          0          0   handlers.o
        36          8          0          0          0         68   init.o
        18          0          0          0          0         76   isspace_o.o
         0          0          0          0          0          0   iusefp.o
        30          0          0          0          0         68   llshl.o
        36          0          0          0          0         68   llsshr.o
        32          0          0          0          0         68   llushr.o
        36          0          0          0          0         68   memcpya.o
        36          0          0          0          0        108   memseta.o
      2276         86          0          0          0        520   printfa.o
       878         12          0          0          0        216   scanf_fp.o
        28          0          0          0          0         76   strcmp.o
        34          0          0          0          0         80   strcspn.o
        14          0          0          0          0         68   strlen.o
        30          0          0          0          0         80   strncmp.o
        24          0          0          0          0         76   strncpy.o
       156         12          0          0          0        120   strtod.o
       112          0          0          0          0         88   strtol.o
        44          0          0          0          0         80   uidiv.o
        98          0          0          0          0         92   uldiv.o
        48          0          0          0          0         68   cdcmple.o
        48          0          0          0          0         68   cdrcmple.o
        20          0          0          0          0         68   cfcmple.o
        20          0          0          0          0         68   cfrcmple.o
        56          0          0          0          0         88   d2f.o
       334          0          0          0          0        148   dadd.o
       222          0          0          0          0        100   ddiv.o
       186          0          0          0          0        176   depilogue.o
        62          0          0          0          0         80   dfixi.o
        50          0          0          0          0         76   dfixui.o
        48          0          0          0          0         68   dfixul.o
        34          0          0          0          0         76   dflti.o
        26          0          0          0          0         76   dfltui.o
        24          0          0          0          0         76   dfltul.o
       228          0          0          0          0         96   dmul.o
        46          0          0          0          0         80   dscalb.o
        38          0          0          0          0         68   f2d.o
       176          0          0          0          0        140   fadd.o
       124          0          0          0          0         88   fdiv.o
       110          0          0          0          0        168   fepilogue.o
        40          0          0          0          0         68   ffixui.o
        10          0          0          0          0         68   ffltui.o
       100          0          0          0          0         76   fmul.o

    ----------------------------------------------------------------------
     22772       1992       1196         40        240      14736   Library Totals
        38          0          8          0          0          0   (incl. Padding)

    ----------------------------------------------------------------------

      Code (inc. data)   RO Data    RW Data    ZI Data      Debug   Library Name

     14476       1720        767         36        240       9080   TCP_CM3.lib
      1838        126        288          0          0        952   m_ws.l
      4370        146        133          4          0       2616   mc_w.l
      2050          0          0          0          0       2088   mf_w.l

    ----------------------------------------------------------------------
     22772       1992       1196         40        240      14736   Library Totals

    ----------------------------------------------------------------------

==============================================================================


      Code (inc. data)   RO Data    RW Data    ZI Data      Debug   

    113056       4350       4928        576      43372     405792   Grand Totals
    113056       4350       4928        164      43372     405792   ELF Image Totals (compressed)
    113056       4350       4928        164          0          0   ROM Totals

==============================================================================

    Total RO  Size (Code + RO Data)               117984 ( 115.22kB)
    Total RW  Size (RW Data + ZI Data)             43948 (  42.92kB)
    Total ROM Size (Code + RO Data + RW Data)     118148 ( 115.38kB)

==============================================================================

