<html>
<body>
<pre>
<h1>µVision Build Log</h1>
<h2>Tool Versions:</h2>
IDE-Version: µVision V5.30.0.0
Copyright (C) 2020 ARM Ltd and ARM Germany GmbH. All rights reserved.
License Information: Rodriguez David uah Flex license: error obtaining information 
Tool Versions:
Toolchain:       MDK-Lite  Version: 5.30.0.0
Toolchain Path:  C:\Keil_v5\ARM\ARMCC\Bin
C Compiler:      Armcc.exe V5.06 update 6 (build 750)
Assembler:       Armasm.exe V5.06 update 6 (build 750)
Linker/Locator:  ArmLink.exe V5.06 update 6 (build 750)
Library Manager: ArmAr.exe V5.06 update 6 (build 750)
Hex Converter:   FromElf.exe V5.06 update 6 (build 750)
CPU DLL:         SARMCM3.DLL V5.30.0.0
Dialog DLL:      DARMP1.DLL V1.27.0.0
Target DLL:      Segger\JL2CM3.dll V2.99.38.0
Dialog DLL:      TARMP1.DLL V1.26.0.0
 
<h2>Project:</h2>
C:\Users\David\Desktop\practicas_uni_4º\SEDA\10_todo\proyecto_integrado_V12\MDK-ARM\MenuLEDs.uvproj
Project File Date:  01/08/2023

<h2>Output:</h2>
*** Using Compiler 'V5.06 update 6 (build 750)', folder: 'C:\Keil_v5\ARM\ARMCC\Bin'
Rebuild target 'MiniDK2'
Note: source file '..\Web\web.c' - object file renamed from '.\Obj\web.o' to '.\Obj\web_1.o'.
custom translating Web.inp...
Custom: C:\Keil_v5\ARM\bin\fcarm @..\Web\Web.inp
FCARM FILE CONVERTER V2.58
Completed 1 File(s), Ratio 66%
compiling HTTP_CGI.c...
..\USER\HTTP_CGI.c(116): warning:  #167-D: argument of type "U8 *" is incompatible with parameter of type "const char *restrict"
           strncpy((char*)order_ej,(var+8),10);
..\USER\HTTP_CGI.c(65): warning:  #177-D: variable "state"  was declared but never referenced
  static char const state[][9] = {
..\USER\HTTP_CGI.c: 2 warnings, 0 errors
compiling AsciiLib.c...
assembling startup_LPC17xx.s...
compiling core_cm3.c...
compiling i2c_lpc17xx.c...
compiling nunchuk.c...
compiling lpc17xx_libcfg_default.c...
compiling TouchPanel.c...
compiling lpc17xx_pinsel.c...
compiling lpc17xx_gpio.c...
compiling lpc17xx_ssp.c...
compiling lpc17xx_clkpwr.c...
compiling system_LPC17xx.c...
compiling pantalla_LCD.c...
pantalla_LCD.c(231): warning:  #1-D: last line of file ends without a newline
   					   					  
pantalla_LCD.c: 1 warning, 0 errors
compiling uartfifo.c...
uartfifo.c(59): warning:  #223-D: function "sprintf" declared implicitly
  				i=sprintf((char*)txbuf,"distancia=%f orientacion=%f",L_total,angulo);
uartfifo.c(70): warning:  #167-D: argument of type "unsigned char *" is incompatible with parameter of type "const char *"
  				strncpy(order_ej,(const char*)(rxbuf+11),strlen(rxbuf)-1);
uartfifo.c(211): warning:  #1-D: last line of file ends without a newline
   					   					  
uartfifo.c: 3 warnings, 0 errors
compiling main.c...
..\USER\main.c(91): warning:  #1000-D: a storage class may not be specified here
  extern struct t_screenZone
..\USER\main.c(204): warning:  #223-D: function "screenWelcome" declared implicitly
  	screenWelcome();
..\USER\main.c(238): warning:  #514-D: pointless comparison of unsigned integer with a negative constant
  	if (ciclo < -100)ciclo=-100;
..\USER\main.c(238): warning:  #68-D: integer conversion resulted in a change of sign
  	if (ciclo < -100)ciclo=-100;
..\USER\main.c(245): warning:  #514-D: pointless comparison of unsigned integer with a negative constant
  	if (ciclo < -100)ciclo=-100;
..\USER\main.c(245): warning:  #68-D: integer conversion resulted in a change of sign
  	if (ciclo < -100)ciclo=-100;
..\USER\main.c(957): warning:  #223-D: function "uart0_init" declared implicitly
  	error = uart0_init(19200);
..\USER\main.c(970): warning:  #223-D: function "nunchuk_Init" declared implicitly
  	nunchuk_Init();
..\USER\main.c(971): warning:  #223-D: function "I2Cdelay" declared implicitly
  	I2Cdelay();					// Para visualizar en simulacion un retardo desde el RESET
..\USER\main.c(975): warning:  #223-D: function "screenMain" declared implicitly
    screenMain();
..\USER\main.c(987): warning:  #223-D: function "nunchuk_read_Tra" declared implicitly
  			if(nunchuk_read_Tra()==1)					//función de lectura nunchuk i2c
..\USER\main.c(1019): warning:  #223-D: function "nunchuk_read_Tra" declared implicitly
  				nunchuk_read_Tra();		//en modo DEBUG sólo lee las variables, no las asigna a nada
..\USER\main.c(1029): warning:  #223-D: function "checkTouchPanel" declared implicitly
  		checkTouchPanel();
..\USER\main.c(1030): warning:  #223-D: function "zoneNewPressed" declared implicitly
  		 if (zoneNewPressed(&zone_7)){
..\USER\main.c(1041): warning:  #223-D: function "zonePressed" declared implicitly
        if (zonePressed(&zone_2)){		//zona de reset
..\USER\main.c(954): warning:  #550-D: variable "error"  was set but never used
  		int error =0;
..\USER\main.c: 16 warnings, 0 errors
compiling Net_Config.c...
compiling web.c...
compiling leds.c...
compiling Serial.c...
compiling EMAC_LPC17xx_LAN8720.c...
..\Libraries\TCP_CM3\EMAC_LPC17xx_LAN8720.c(393): warning:  #177-D: function "output_MDIO"  was declared but never referenced
  static void output_MDIO (U32 val, U32 n) {
..\Libraries\TCP_CM3\EMAC_LPC17xx_LAN8720.c(412): warning:  #177-D: function "turnaround_MDIO"  was declared but never referenced
  static void turnaround_MDIO (void) {
..\Libraries\TCP_CM3\EMAC_LPC17xx_LAN8720.c(424): warning:  #177-D: function "input_MDIO"  was declared but never referenced
  static U32 input_MDIO (void) {
..\Libraries\TCP_CM3\EMAC_LPC17xx_LAN8720.c: 3 warnings, 0 errors
compiling GLCD.c...
linking...
Program Size: Code=113056 RO-data=4928 RW-data=576 ZI-data=43372  
".\Obj\MenuLEDs.axf" - 0 Error(s), 25 Warning(s).
Build Time Elapsed:  00:00:07
</pre>
</body>
</html>
